Archive member included to satisfy reference by file (symbol)

../../../libs\libasr_dis_deepse_v2.a(asr_top_outside_port.o)
                              build/objs/system_msg_deal.o (symbol from plugin) (asrtop_asr_system_continue)
../../../libs\libasr_dis_deepse_v2.a(asr_dealwith_result.o)
                              build/objs/main.o (symbol from plugin) (config_recover_result)
../../../libs\libasr_dis_deepse_v2.a(decode_post_proc.o)
                              asr_dealwith_result.o (symbol from plugin) (decode_post_process)
../../../libs\libasr_dis_deepse_v2.a(decoder_inner_port_rpmsg.o)
                              build/objs/main.o (symbol from plugin) (decoder_task_init_port)
../../../libs\libasr_dis_deepse_v2.a(asrbest_result.o)
                              asr_dealwith_result.o (symbol from plugin) (get_cur_max_score)
../../../libs\libasr_dis_deepse_v2.a(cmp_twice_confidence.o)
                              asr_dealwith_result.o (symbol from plugin) (cmp_twice_confidence_compute)
../../../libs\libasr_dis_deepse_v2.a(decide_result.o)
                              asr_dealwith_result.o (symbol from plugin) (get_valid_cmd_word_count)
../../../libs\libasr_dis_deepse_v2.a(decoder_manage.o)
                              decoder_inner_port_rpmsg.o (symbol from plugin) (model_parameter_info_clear)
../../../libs\libasr_dis_deepse_v2.a(dynmic_confidence.o)
                              decoder_inner_port_rpmsg.o (symbol from plugin) (dynmic_confidence_config)
../../../libs\libasr_dis_deepse_v2.a(dnn_outside_port.o)
                              decoder_manage.o (symbol from plugin) (get_dnn_version)
../../../libs\libasr_dis_deepse_v2.a(flash_manage_outside_port.o)
                              build/objs/ci_flash_data_info.o (symbol from plugin) (is_flash_power_off)
../../../libs\libasr_dis_deepse_v2.a(vad_fe_outside_port.o)
                              asr_dealwith_result.o (symbol from plugin) (send_vadcfg_vadend_frames_msg)
../../../libs\libasr_dis_deepse_v2.a(ci_nlp.o)
                              build/objs/system_msg_deal.o (symbol from plugin) (asr_result_callback_nlp)
../../../libs\libasr_dis_deepse_v2.a(ci_nlp_control.o)
                              build/objs/system_msg_deal.o (symbol from plugin) (nlp_timer_init)
../../../projects/offline_asr_alg_pro_sample/app/app_ir/ir_src\libir_data.a(ir_data.o)
                              build/objs/air_device.o (symbol from plugin) (set_g_air_code_index)
../../../projects/offline_asr_alg_pro_sample/app/app_ir/ir_src\libir_data.a(ir_index_encode.o)
                              ir_data.o (symbol from plugin) (ir_index_encode)
../../../projects/offline_asr_alg_pro_sample/app/app_ir/ir_src\libir_data.a(ir_level_decode.o)
                              ir_data.o (symbol from plugin) (ir_level_decode_init)
../../../projects/offline_asr_alg_pro_sample/app/app_ir/ir_src\libir_data.a(voice_cmd_2_ircode_leanvision.o)
                              ir_data.o (symbol from plugin) (set_ir_code_data_addr)
../../../projects/offline_asr_alg_pro_sample/app/app_ir/ir_src\libir_data.a(aircondition_remote_ir_format.o)
                              voice_cmd_2_ircode_leanvision.o (symbol from plugin) (dongzhi1_mode_fansrate_temp_code)
../../../projects/offline_asr_alg_pro_sample/app/app_ir/ir_src\libir_data.a(flash_ir_analysis_leanvision.o)
                              voice_cmd_2_ircode_leanvision.o (symbol from plugin) (new_ir_lib_data)
../../../projects/offline_asr_alg_pro_sample/app/app_ir/ir_src\libir_data.a(ir_checksum_function.o)
                              aircondition_remote_ir_format.o (symbol from plugin) (get_checksum_func_list)
../../../projects/offline_asr_alg_pro_sample/app/app_ir/ir_src\libir_data.a(ir_data_deal.o)
                              ir_data.o (symbol from plugin) (get_compare_match_rate)
../../../libs\libnewlib_port.a(sbrk.o)
                              build/objs/platform_config.o (symbol from plugin) (sbrk)
../../../libs\libfreertos_port.a(port.o)
                              build/objs/event_groups.o (symbol from plugin) (vPortSetMSIPInt)
../../../libs\libfreertos_port.a(portasm.o)
                              port.o (symbol from plugin) (vPortYield)
../../../libs\libdsu.a(ci130x_dsu.o)
                              build/objs/main.o (symbol from plugin) (dsu_init)
../../../libs\libdsu.a(ci130x_mailbox.o)
                              build/objs/platform_config.o (symbol from plugin) (mailbox_preinit)
../../../libs\libdsu.a(ci130x_scu.o)
                              build/objs/ci130x_init.o (symbol from plugin) (scu_unlock_system_config)
../../../libs\libdsu.a(ci130x_efuse.o)
                              ci130x_dsu.o (symbol from plugin) (efuse_unlock)
../../../libs\libdsu.a(ci130x_dpmu.o)
                              build/objs/ci130x_init.o (symbol from plugin) (dpmu_unlock_cfg_config)
../../../libs\libdsu.a(ci130x_nuclear_com.o)
[...]
Memory Configuration

Name             Origin             Length             Attributes
BOOT_PARAMETER   0x000000001ff50a00 0x0000000000000200
SHARE_SRAM       0x000000001ff50c00 0x0000000000000400
SRAM             0x000000001ff51000 0x0000000000082000 xrw
*default*        0x0000000000000000 0xffffffffffffffff

Linker script and memory map

LOAD C:\Users\ronger\AppData\Local\Temp\offline_asr_alg_pro_sample.elf.18hZvL.ltrans0.ltrans.o
LOAD C:\Users\ronger\AppData\Local\Temp\offline_asr_alg_pro_sample.elf.18hZvL.ltrans1.ltrans.o
LOAD C:\Users\ronger\AppData\Local\Temp\ccnu8OgR.debug.temp.o
LOAD C:\Users\ronger\AppData\Local\Temp\ccQlhjEk.debug.temp.o
LOAD C:\Users\ronger\AppData\Local\Temp\ccz5PqXN.debug.temp.o
LOAD C:\Users\ronger\AppData\Local\Temp\cc22n0ph.debug.temp.o
LOAD C:\Users\ronger\AppData\Local\Temp\ccZNFI1K.debug.temp.o
LOAD C:\Users\ronger\AppData\Local\Temp\cckLHeRe.debug.temp.o
LOAD C:\Users\ronger\AppData\Local\Temp\ccJmZeFH.debug.temp.o
LOAD C:\Users\ronger\AppData\Local\Temp\ccM2qGCa.debug.temp.o
LOAD C:\Users\ronger\AppData\Local\Temp\cc5AiLvD.debug.temp.o
LOAD C:\Users\ronger\AppData\Local\Temp\cc4ey0x6.debug.temp.o
LOAD C:\Users\ronger\AppData\Local\Temp\cclWI2Nz.debug.temp.o
LOAD C:\Users\ronger\AppData\Local\Temp\ccKnHz21.debug.temp.o
LOAD C:\Users\ronger\AppData\Local\Temp\ccpH5Jcu.debug.temp.o
LOAD C:\Users\ronger\AppData\Local\Temp\ccK8UlwW.debug.temp.o
LOAD C:\Users\ronger\AppData\Local\Temp\ccDt26Yo.debug.temp.o
LOAD C:\Users\ronger\AppData\Local\Temp\ccW3aGFR.debug.temp.o
LOAD C:\Users\ronger\AppData\Local\Temp\ccnuOo1n.debug.temp.o
LOAD C:\Users\ronger\AppData\Local\Temp\ccYD2JiU.debug.temp.o
LOAD C:\Users\ronger\AppData\Local\Temp\ccdSqwJq.debug.temp.o
LOAD C:\Users\ronger\AppData\Local\Temp\cc22nsjX.debug.temp.o
LOAD C:\Users\ronger\AppData\Local\Temp\cchtmc7t.debug.temp.o
LOAD C:\Users\ronger\AppData\Local\Temp\ccyujqTZ.debug.temp.o
LOAD C:\Users\ronger\AppData\Local\Temp\ccrDgRyv.debug.temp.o
LOAD C:\Users\ronger\AppData\Local\Temp\ccq1HEn1.debug.temp.o
LOAD C:\Users\ronger\AppData\Local\Temp\ccTKIgqx.debug.temp.o
LOAD C:\Users\ronger\AppData\Local\Temp\cc0yTjC3.debug.temp.o
LOAD C:\Users\ronger\AppData\Local\Temp\ccb1jRMy.debug.temp.o
LOAD C:\Users\ronger\AppData\Local\Temp\ccAiT1S3.debug.temp.o
LOAD C:\Users\ronger\AppData\Local\Temp\cczw1l8y.debug.temp.o
LOAD C:\Users\ronger\AppData\Local\Temp\cccPj7w4.debug.temp.o
LOAD C:\Users\ronger\AppData\Local\Temp\cc57fF9z.debug.temp.o
LOAD C:\Users\ronger\AppData\Local\Temp\ccckPIK4.debug.temp.o
LOAD C:\Users\ronger\AppData\Local\Temp\cczoOphz.debug.temp.o
LOAD C:\Users\ronger\AppData\Local\Temp\ccwpmgX3.debug.temp.o
LOAD C:\Users\ronger\AppData\Local\Temp\ccRCEUQy.debug.temp.o
LOAD C:\Users\ronger\AppData\Local\Temp\ccORPZT3.debug.temp.o
LOAD C:\Users\ronger\AppData\Local\Temp\ccTWveCC.debug.temp.o
LOAD C:\Users\ronger\AppData\Local\Temp\ccgXS6fb.debug.temp.o
LOAD C:\Users\ronger\AppData\Local\Temp\cc1Ba72J.debug.temp.o
LOAD C:\Users\ronger\AppData\Local\Temp\ccwurzZi.debug.temp.o
LOAD C:\Users\ronger\AppData\Local\Temp\cchf8ERR.debug.temp.o
LOAD C:\Users\ronger\AppData\Local\Temp\ccCWnUSq.debug.temp.o
LOAD C:\Users\ronger\AppData\Local\Temp\ccVGTiXY.debug.temp.o
LOAD C:\Users\ronger\AppData\Local\Temp\ccOnYQax.debug.temp.o
LOAD C:\Users\ronger\AppData\Local\Temp\ccRND1j5.debug.temp.o
LOAD C:\Users\ronger\AppData\Local\Temp\ccCo1DCD.debug.temp.o
LOAD C:\Users\ronger\AppData\Local\Temp\ccZYeq4b.debug.temp.o
LOAD C:\Users\ronger\AppData\Local\Temp\ccsi2XuJ.debug.temp.o
LOAD C:\Users\ronger\AppData\Local\Temp\ccfGY18g.debug.temp.o
LOAD C:\Users\ronger\AppData\Local\Temp\ccG84wWO.debug.temp.o
LOAD C:\Users\ronger\AppData\Local\Temp\ccdeeEFm.debug.temp.o
LOAD C:\Users\ronger\AppData\Local\Temp\cckgWUxU.debug.temp.o
LOAD C:\Users\ronger\AppData\Local\Temp\ccz4uXor.debug.temp.o
LOAD C:\Users\ronger\AppData\Local\Temp\cc6TVvtY.debug.temp.o
LOAD C:\Users\ronger\AppData\Local\Temp\ccv9rxHv.debug.temp.o
LOAD C:\Users\ronger\AppData\Local\Temp\ccsigI42.debug.temp.o
LOAD C:\Users\ronger\AppData\Local\Temp\cct1PunA.debug.temp.o
LOAD C:\Users\ronger\AppData\Local\Temp\ccILMIlb.debug.temp.o
LOAD C:\Users\ronger\AppData\Local\Temp\ccJKW7sM.debug.temp.o
LOAD C:\Users\ronger\AppData\Local\Temp\cc2M1jOn.debug.temp.o
LOAD C:\Users\ronger\AppData\Local\Temp\cc1UuGiZ.debug.temp.o
LOAD C:\Users\ronger\AppData\Local\Temp\cc8OOOLz.debug.temp.o
LOAD C:\Users\ronger\AppData\Local\Temp\cctyhAaa.debug.temp.o
LOAD C:\Users\ronger\AppData\Local\Temp\ccqhAvIK.debug.temp.o
LOAD C:\Users\ronger\AppData\Local\Temp\ccZ1LRpl.debug.temp.o
LOAD C:\Users\ronger\AppData\Local\Temp\ccSQ6JkW.debug.temp.o
LOAD C:\Users\ronger\AppData\Local\Temp\ccjtyT6w.debug.temp.o
LOAD C:\Users\ronger\AppData\Local\Temp\ccOJfxR6.debug.temp.o
LOAD C:\Users\ronger\AppData\Local\Temp\ccz0AXPG.debug.temp.o
LOAD C:\Users\ronger\AppData\Local\Temp\cc4uVPXg.debug.temp.o
LOAD C:\Users\ronger\AppData\Local\Temp\ccLJ430Q.debug.temp.o
LOAD C:\Users\ronger\AppData\Local\Temp\cc2WPIdr.debug.temp.o
LOAD C:\Users\ronger\AppData\Local\Temp\cctXFSo0.debug.temp.o
LOAD C:\Users\ronger\AppData\Local\Temp\cciagQNz.debug.temp.o
LOAD C:\Users\ronger\AppData\Local\Temp\ccLr0em9.debug.temp.o
LOAD C:\Users\ronger\AppData\Local\Temp\cckkKYPI.debug.temp.o
LOAD C:\Users\ronger\AppData\Local\Temp\ccDqtati.debug.temp.o
LOAD C:\Users\ronger\AppData\Local\Temp\cc4mHvLV.debug.temp.o
LOAD C:\Users\ronger\AppData\Local\Temp\ccTvFEhz.debug.temp.o
LOAD C:\Users\ronger\AppData\Local\Temp\ccIuUWUc.debug.temp.o
LOAD C:\Users\ronger\AppData\Local\Temp\ccJdYAtQ.debug.temp.o
LOAD C:\Users\ronger\AppData\Local\Temp\cciSmFbu.debug.temp.o
LOAD C:\Users\ronger\AppData\Local\Temp\ccPz1SW6.debug.temp.o
LOAD C:\Users\ronger\AppData\Local\Temp\ccWdfgRJ.debug.temp.o
LOAD C:\Users\ronger\AppData\Local\Temp\ccjKSgHm.debug.temp.o
LOAD C:\Users\ronger\AppData\Local\Temp\cceaOqGZ.debug.temp.o
LOAD C:\Users\ronger\AppData\Local\Temp\cczPKoTC.debug.temp.o
LOAD C:\Users\ronger\AppData\Local\Temp\ccW7I74e.debug.temp.o
LOAD C:\Users\ronger\AppData\Local\Temp\ccvawccR.debug.temp.o
LOAD C:\Users\ronger\AppData\Local\Temp\ccOqiJst.debug.temp.o
LOAD C:\Users\ronger\AppData\Local\Temp\cctQx3W5.debug.temp.o
LOAD C:\Users\ronger\AppData\Local\Temp\ccIcmxAI.debug.temp.o
LOAD C:\Users\ronger\AppData\Local\Temp\ccfuRE9k.debug.temp.o
LOAD C:\Users\ronger\AppData\Local\Temp\ccQpCgHW.debug.temp.o
LOAD C:\Users\ronger\AppData\Local\Temp\cc5pxjoy.debug.temp.o
LOAD C:\Users\ronger\AppData\Local\Temp\ccUm1vea.debug.temp.o
LOAD C:\Users\ronger\AppData\Local\Temp\cc7vfwiM.debug.temp.o
LOAD C:\Users\ronger\AppData\Local\Temp\ccuAiX1r.debug.temp.o
LOAD C:\Users\ronger\AppData\Local\Temp\cc5rrKG7.debug.temp.o
LOAD C:\Users\ronger\AppData\Local\Temp\cciltYuN.debug.temp.o
LOAD C:\Users\ronger\AppData\Local\Temp\ccrI5ost.debug.temp.o
LOAD C:\Users\ronger\AppData\Local\Temp\ccSCQdz9.debug.temp.o
LOAD C:\Users\ronger\AppData\Local\Temp\ccbr2aJO.debug.temp.o
LOAD C:\Users\ronger\AppData\Local\Temp\cce9IPZt.debug.temp.o
LOAD C:\Users\ronger\AppData\Local\Temp\cc31Kkc9.debug.temp.o
LOAD C:\Users\ronger\AppData\Local\Temp\ccsRlZxO.debug.temp.o
LOAD C:\Users\ronger\AppData\Local\Temp\ccfTGr7t.debug.temp.o
LOAD C:\Users\ronger\AppData\Local\Temp\cc6yhoF8.debug.temp.o
LOAD C:\Users\ronger\AppData\Local\Temp\ccd7hY8M.debug.temp.o
LOAD C:\Users\ronger\AppData\Local\Temp\ccYJsZLr.debug.temp.o
LOAD C:\Users\ronger\AppData\Local\Temp\ccnpKay6.debug.temp.o
LOAD C:\Users\ronger\AppData\Local\Temp\ccck39xL.debug.temp.o
LOAD C:\Users\ronger\AppData\Local\Temp\cc5SBDwp.debug.temp.o
LOAD C:\Users\ronger\AppData\Local\Temp\cc8aLJq3.debug.temp.o
LOAD C:\Users\ronger\AppData\Local\Temp\ccPx4guH.debug.temp.o
LOAD C:\Users\ronger\AppData\Local\Temp\ccQ4pTHl.debug.temp.o
LOAD C:\Users\ronger\AppData\Local\Temp\cc1km8QZ.debug.temp.o
LOAD C:\Users\ronger\AppData\Local\Temp\ccCiuv9D.debug.temp.o
LOAD C:\Users\ronger\AppData\Local\Temp\cclEWHbm.debug.temp.o
LOAD C:\Users\ronger\AppData\Local\Temp\ccCTG3m4.debug.temp.o
LOAD C:\Users\ronger\AppData\Local\Temp\ccb472tM.debug.temp.o
LOAD C:\Users\ronger\AppData\Local\Temp\ccaYNrKu.debug.temp.o
LOAD C:\Users\ronger\AppData\Local\Temp\ccV6G19c.debug.temp.o
LOAD C:\Users\ronger\AppData\Local\Temp\ccAciKCU.debug.temp.o
LOAD C:\Users\ronger\AppData\Local\Temp\ccNbbCeC.debug.temp.o
LOAD C:\Users\ronger\AppData\Local\Temp\cci6K7Lj.debug.temp.o
LOAD C:\Users\ronger\AppData\Local\Temp\ccbd5qx1.debug.temp.o
LOAD C:\Users\ronger\AppData\Local\Temp\ccCdHTrJ.debug.temp.o
LOAD C:\Users\ronger\AppData\Local\Temp\ccb097kq.debug.temp.o
LOAD C:\Users\ronger\AppData\Local\Temp\ccQpFY96.debug.temp.o
LOAD C:\Users\ronger\AppData\Local\Temp\ccf16Z7N.debug.temp.o
LOAD C:\Users\ronger\AppData\Local\Temp\cc8rlrfv.debug.temp.o
LOAD C:\Users\ronger\AppData\Local\Temp\ccL4v3vc.debug.temp.o
LOAD C:\Users\ronger\AppData\Local\Temp\ccwtxrLS.debug.temp.o
LOAD C:\Users\ronger\AppData\Local\Temp\ccDZYlez.debug.temp.o
LOAD C:\Users\ronger\AppData\Local\Temp\ccW1TGAf.debug.temp.o
LOAD C:\Users\ronger\AppData\Local\Temp\cczCb95V.debug.temp.o
LOAD C:\Users\ronger\AppData\Local\Temp\ccQhD2KC.debug.temp.o
LOAD C:\Users\ronger\AppData\Local\Temp\cc32KJ9m.debug.temp.o
LOAD C:\Users\ronger\AppData\Local\Temp\ccudqxH7.debug.temp.o
LOAD C:\Users\ronger\AppData\Local\Temp\ccxNw1aS.debug.temp.o
LOAD C:\Users\ronger\AppData\Local\Temp\ccSULTNC.debug.temp.o
LOAD C:\Users\ronger\AppData\Local\Temp\cc9vBYzn.debug.temp.o
LOAD C:\Users\ronger\AppData\Local\Temp\cccmgMk7.debug.temp.o
LOAD C:\Users\ronger\AppData\Local\Temp\ccBjl6iR.debug.temp.o
LOAD C:\Users\ronger\AppData\Local\Temp\ccCijRqB.debug.temp.o
LOAD C:\Users\ronger\AppData\Local\Temp\ccT9Gful.debug.temp.o
LOAD C:\Users\ronger\AppData\Local\Temp\ccM0UNG5.debug.temp.o
LOAD C:\Users\ronger\AppData\Local\Temp\ccxLzuWO.debug.temp.o
LOAD C:\Users\ronger\AppData\Local\Temp\ccQpwkly.debug.temp.o
LOAD C:\Users\ronger\AppData\Local\Temp\ccN8CBTh.debug.temp.o
LOAD C:\Users\ronger\AppData\Local\Temp\cc0J9vn1.debug.temp.o
LOAD C:\Users\ronger\AppData\Local\Temp\ccNhfA0K.debug.temp.o
LOAD C:\Users\ronger\AppData\Local\Temp\ccsJLMGt.debug.temp.o
LOAD C:\Users\ronger\AppData\Local\Temp\ccH7Q8vc.debug.temp.o
LOAD C:\Users\ronger\AppData\Local\Temp\ccuj3LcV.debug.temp.o
LOAD C:\Users\ronger\AppData\Local\Temp\ccDEIc7D.debug.temp.o
LOAD C:\Users\ronger\AppData\Local\Temp\ccoZdNan.debug.temp.o
LOAD C:\Users\ronger\AppData\Local\Temp\ccpc9095.debug.temp.o
LOAD C:\Users\ronger\AppData\Local\Temp\ccWPRrOS.debug.temp.o
LOAD C:\Users\ronger\AppData\Local\Temp\ccr2KCGF.debug.temp.o
LOAD C:\Users\ronger\AppData\Local\Temp\ccWOM0Hs.debug.temp.o
LOAD C:\Users\ronger\AppData\Local\Temp\cc1zqPSf.debug.temp.o
LOAD C:\Users\ronger\AppData\Local\Temp\cc0FseZ2.debug.temp.o
LOAD C:\Users\ronger\AppData\Local\Temp\cc3pK73O.debug.temp.o
LOAD C:\Users\ronger\AppData\Local\Temp\ccKecsiB.debug.temp.o
LOAD C:\Users\ronger\AppData\Local\Temp\cc5BxlKn.debug.temp.o
LOAD C:\Users\ronger\AppData\Local\Temp\ccKziDla.debug.temp.o
LOAD C:\Users\ronger\AppData\Local\Temp\ccn8St0V.debug.temp.o
LOAD C:\Users\ronger\AppData\Local\Temp\ccWa4wOH.debug.temp.o
LOAD C:\Users\ronger\AppData\Local\Temp\ccNKnYLt.debug.temp.o
LOAD C:\Users\ronger\AppData\Local\Temp\ccK1dUHe.debug.temp.o
LOAD C:\Users\ronger\AppData\Local\Temp\cclnehNZ.debug.temp.o
LOAD C:\Users\ronger\AppData\Local\Temp\ccQ9xQ1K.debug.temp.o
LOAD C:\Users\ronger\AppData\Local\Temp\ccnBAauw.debug.temp.o
LOAD C:\Users\ronger\AppData\Local\Temp\ccoq9GBl.debug.temp.o
LOAD C:\Users\ronger\AppData\Local\Temp\cc9gPoaa.debug.temp.o
LOAD C:\Users\ronger\AppData\Local\Temp\ccu43fSY.debug.temp.o
LOAD C:\Users\ronger\AppData\Local\Temp\ccd42UNN.debug.temp.o
LOAD C:\Users\ronger\AppData\Local\Temp\cc0Hh4HB.debug.temp.o
LOAD C:\Users\ronger\AppData\Local\Temp\ccNXHHLp.debug.temp.o
LOAD C:\Users\ronger\AppData\Local\Temp\ccaaHuYd.debug.temp.o
LOAD C:\Users\ronger\AppData\Local\Temp\ccNe6U61.debug.temp.o
LOAD C:\Users\ronger\AppData\Local\Temp\cc0f4uoQ.debug.temp.o
LOAD C:\Users\ronger\AppData\Local\Temp\cc5atdJD.debug.temp.o
LOAD C:\Users\ronger\AppData\Local\Temp\ccsD0jdr.debug.temp.o
LOAD build/objs/ci130x_vtable.o
LOAD build/objs/ci130x_startup.o
LOAD ../../../libs\libasr_dis_deepse_v2.a
LOAD ../../../projects/offline_asr_alg_pro_sample/app/app_ir/ir_src\libir_data.a
LOAD ../../../libs\libnlp.a
LOAD ../../../libs\libnewlib_port.a
LOAD ../../../libs\libfreertos_port.a
LOAD ../../../libs\libdsu.a
LOAD ../../../libs\libflash_encrypt.a
LOAD ../../../libs\libcwsl_v2.a
LOAD ../../../libs\libtts.a
LOAD ../../../components/ci_ble/stack\libOnMicroBLE.a
LOAD ../../../components/ci_ble/stack\libcias_crypto.a
LOAD ../../../libs\libcikd_pro_dis_frm.a
LOAD d:/projects/riscv-nuclei-elf-gcc-9.2.0/gcc_fix_raissrc/bin/../lib/gcc/riscv-nuclei-elf/9.2.0/../../../../riscv-nuclei-elf/lib/rv32imafc/ilp32f\libstdc++.a
LOAD d:/projects/riscv-nuclei-elf-gcc-9.2.0/gcc_fix_raissrc/bin/../lib/gcc/riscv-nuclei-elf/9.2.0/../../../../riscv-nuclei-elf/lib/rv32imafc/ilp32f\libm.a
LOAD d:/projects/riscv-nuclei-elf-gcc-9.2.0/gcc_fix_raissrc/bin/../lib/gcc/riscv-nuclei-elf/9.2.0/rv32imafc/ilp32f\libgcc.a
LOAD d:/projects/riscv-nuclei-elf-gcc-9.2.0/gcc_fix_raissrc/bin/../lib/gcc/riscv-nuclei-elf/9.2.0/../../../../riscv-nuclei-elf/lib/rv32imafc/ilp32f\libg_nano.a
LOAD d:/projects/riscv-nuclei-elf-gcc-9.2.0/gcc_fix_raissrc/bin/../lib/gcc/riscv-nuclei-elf/9.2.0/../../../../riscv-nuclei-elf/lib/rv32imafc/ilp32f\libc_nano.a
LOAD d:/projects/riscv-nuclei-elf-gcc-9.2.0/gcc_fix_raissrc/bin/../lib/gcc/riscv-nuclei-elf/9.2.0/rv32imafc/ilp32f\libgcc.a
START GROUP
LOAD d:/projects/riscv-nuclei-elf-gcc-9.2.0/gcc_fix_raissrc/bin/../lib/gcc/riscv-nuclei-elf/9.2.0/rv32imafc/ilp32f\libgcc.a
LOAD d:/projects/riscv-nuclei-elf-gcc-9.2.0/gcc_fix_raissrc/bin/../lib/gcc/riscv-nuclei-elf/9.2.0/../../../../riscv-nuclei-elf/lib/rv32imafc/ilp32f\libc_nano.a
LOAD d:/projects/riscv-nuclei-elf-gcc-9.2.0/gcc_fix_raissrc/bin/../lib/gcc/riscv-nuclei-elf/9.2.0/../../../../riscv-nuclei-elf/lib/rv32imafc/ilp32f\libgloss_nano.a
END GROUP
                0x0000000000000c00                STACK_SIZE = 0xc00
                0x000000001ffd2000                SRAM_HOST_END_ADDR = 0x1ffd2000
                0x000000001fff8000                CHIP_SRAM_END_ADDR = 0x1fff8000
                0x000000001ffd3000                SDK_ALG_PRO_SRAM_HOST_NULL_END_ADDR = 0x1ffd3000
                0x000000001ffd4000                SDK_ALG_PRO_SRAM_HOST_CWSL_END_ADDR = 0x1ffd4000
                0x000000001ffd3000                SDK_ALG_PRO_SRAM_HOST_AEC_END_ADDR = 0x1ffd3000
                0x000000001ffd3000                SDK_ALG_PRO_SRAM_HOST_DEREVERB_END_ADDR = 0x1ffd3000
                0x000000001ffce000                SDK_ALG_PRO_SRAM_HOST_DENOISE_END_ADDR = 0x1ffce000
                0x000000001ffcf000                SDK_ALG_PRO_SRAM_HOST_DOA_END_ADDR = 0x1ffcf000
                0x000000001ffce000                SDK_ALG_PRO_SRAM_HOST_DOA_DEREVERB_END_ADDR = 0x1ffce000
                0x000000001ffd0000                SDK_ALG_PRO_SRAM_HOST_VPR_END_ADDR = 0x1ffd0000
                0x000000001ffd0000                SDK_ALG_PRO_SRAM_HOST_WMANVPR_END_ADDR = 0x1ffd0000
                0x000000001ffd6000                SDK_ALG_PRO_SRAM_HOST_SED_END_ADDR = 0x1ffd6000
                0x000000001ffde000                SDK_ALG_PRO_SRAM_HOST_TTS_END_ADDR = 0x1ffde000
                0x000000001ffcd800                SDK_ALG_PRO_SRAM_HOST_BF_END_ADDR = 0x1ffcd800
                0x000000001ffd3000                SDK_ALG_PRO_SRAM_HOST_CWSL_AEC_END_ADDR = 0x1ffd3000
                0x000000001ffcf000                SDK_ALG_PRO_SRAM_HOST_DOA_AEC_END_ADDR = 0x1ffcf000
                0x000000001ffd2800                SDK_ALG_PRO_SRAM_HOST_DEREVERB_AEC_END_ADDR = 0x1ffd2800
                0x000000001ffcd000                SDK_ALG_PRO_SRAM_HOST_BF_AEC_END_ADDR = 0x1ffcd000
                0x000000001ffcc000                SDK_ALG_PRO_SRAM_HOST_BF_DEREVERB_END_ADDR = 0x1ffcc000
                0x000000001ffcf000                SDK_ALG_PRO_SRAM_HOST_CWSL_DOA_END_ADDR = 0x1ffcf000
                0x000000001ffb0000                SDK_ALG_PRO_SRAM_HOST_BF_DOA_END_ADDR = 0x1ffb0000
                0x000000001ffd3000                SDK_ALG_PRO_SRAM_HOST_ANY_MIC_AEC_END_ADDR = 0x1ffd3000
                0x000000001ff50a00                BOOT_PARAMETER_ADDR = 0x1ff50a00
                0x0000000000000200                BOOT_PARAMETER_SIZE = 0x200
                0x000000001ff50c00                SHARE_SRAM_ADDR = 0x1ff50c00
                0x0000000000000400                SHARE_SRAM_SIZE = 0x400
                0x000000001ff51000                SRAM_START_ADDR = 0x1ff51000
                0x000000001ffd3000                SRAM_END_ADDR = SDK_ALG_PRO_SRAM_HOST_NULL_END_ADDR
                0x0000000000082000                SRAM_SIZE = (SRAM_END_ADDR - SRAM_START_ADDR)
                0x0000000000014000                SYS_HEAP_SIZE = 0x14000
                0x0000000000000c00                __stack_size = STACK_SIZE
                0x0000000000000c00                __int_stack_size = STACK_SIZE
                0x0000000000000c00                __stack_size = DEFINED (__stack_size)?__stack_size:0x800
                0x0000000000000c00                __int_stack_size = DEFINED (__int_stack_size)?__int_stack_size:0x400

.boot_parameter
                0x000000001ff50a00      0x116
 *.(boot_parameter)
 .boot_parameter
                0x000000001ff50a00      0x116 C:\Users\ronger\AppData\Local\Temp\offline_asr_alg_pro_sample.elf.18hZvL.ltrans1.ltrans.o

.share_memory   0x000000001ff50c00       0xfc
 *(.share_mem)
 .share_mem     0x000000001ff50c00       0xfc C:\Users\ronger\AppData\Local\Temp\offline_asr_alg_pro_sample.elf.18hZvL.ltrans0.ltrans.o
                0x000000001ff50c00                status_list.lto_priv.0

.init           0x000000001ff51000      0x272
 *(.vtable)
 .vtable        0x000000001ff51000      0x100 build/objs/ci130x_vtable.o
                0x000000001ff51000                vector_base
 *(.load_addr)
 .load_addr     0x000000001ff51100       0x3c build/objs/ci130x_startup.o
 *(SORT_NONE(.init))
 .init          0x000000001ff5113c      0x136 build/objs/ci130x_startup.o
                0x000000001ff5113c                _start
                0x000000001ff51162                _virtual_start
                0x000000001ff51250                disable_mcycle_minstret
                0x000000001ff51256                enable_mcycle_minstret
                0x000000001ff5125c                core_wfe_asm

.ilalign        0x000000001ff51272        0x2
                0x000000001ff51274                . = ALIGN (0x4)
 *fill*         0x000000001ff51272        0x2 
                0x000000001ff51274                PROVIDE (_ilm_lma = .)

.ialign         0x000000001ff51274        0x0
                0x000000001ff51274                PROVIDE (_ilm = .)

.text           0x000000001ff51280     0xe6a0
 *(.text.unlikely .text.unlikely.*)
 *(.text.startup .text.startup.*)
 .text.startup.main
                0x000000001ff51280      0x5ac C:\Users\ronger\AppData\Local\Temp\offline_asr_alg_pro_sample.elf.18hZvL.ltrans1.ltrans.o
                0x000000001ff51280                main
 *(.text .text.*)
 .text.spic_wait_idle.constprop.0
                0x000000001ff5182c       0x28 C:\Users\ronger\AppData\Local\Temp\offline_asr_alg_pro_sample.elf.18hZvL.ltrans0.ltrans.o
 .text.spic_general_mode_config.constprop.0
                0x000000001ff51854      0x152 C:\Users\ronger\AppData\Local\Temp\offline_asr_alg_pro_sample.elf.18hZvL.ltrans0.ltrans.o
 .text.asrSetBeam.constprop.0
                0x000000001ff519a6        0x8 C:\Users\ronger\AppData\Local\Temp\offline_asr_alg_pro_sample.elf.18hZvL.ltrans0.ltrans.o
 .text.asr_result_clear.constprop.0
                0x000000001ff519ae       0x2c C:\Users\ronger\AppData\Local\Temp\offline_asr_alg_pro_sample.elf.18hZvL.ltrans0.ltrans.o
 .text.CI0155.isra.0
                0x000000001ff519da       0x26 C:\Users\ronger\AppData\Local\Temp\offline_asr_alg_pro_sample.elf.18hZvL.ltrans0.ltrans.o
 .text.CI0002.isra.0
                0x000000001ff51a00       0xda C:\Users\ronger\AppData\Local\Temp\offline_asr_alg_pro_sample.elf.18hZvL.ltrans0.ltrans.o
 .text.dynmic_confidence_en_cfg
                0x000000001ff51ada        0x4 C:\Users\ronger\AppData\Local\Temp\offline_asr_alg_pro_sample.elf.18hZvL.ltrans0.ltrans.o
 .text.CI0059   0x000000001ff51ade       0x2c C:\Users\ronger\AppData\Local\Temp\offline_asr_alg_pro_sample.elf.18hZvL.ltrans0.ltrans.o
 .text.CI0074   0x000000001ff51b0a        0xa C:\Users\ronger\AppData\Local\Temp\offline_asr_alg_pro_sample.elf.18hZvL.ltrans0.ltrans.o
 .text.CI0154   0x000000001ff51b14      0x12a C:\Users\ronger\AppData\Local\Temp\offline_asr_alg_pro_sample.elf.18hZvL.ltrans0.ltrans.o
 .text.asrGetCmdWordsAndScore.constprop.0
                0x000000001ff51c3e       0x8a C:\Users\ronger\AppData\Local\Temp\offline_asr_alg_pro_sample.elf.18hZvL.ltrans0.ltrans.o
 .text.CI0083   0x000000001ff51cc8       0x32 C:\Users\ronger\AppData\Local\Temp\offline_asr_alg_pro_sample.elf.18hZvL.ltrans0.ltrans.o
 .text.get_utt2len
                0x000000001ff51cfa       0x5e C:\Users\ronger\AppData\Local\Temp\offline_asr_alg_pro_sample.elf.18hZvL.ltrans0.ltrans.o
 .text.fp32_to_int22
                0x000000001ff51d58       0x46 C:\Users\ronger\AppData\Local\Temp\offline_asr_alg_pro_sample.elf.18hZvL.ltrans0.ltrans.o
 .text.CI0057   0x000000001ff51d9e      0x130 C:\Users\ronger\AppData\Local\Temp\offline_asr_alg_pro_sample.elf.18hZvL.ltrans0.ltrans.o
 .text.CI0096.isra.0
                0x000000001ff51ece      0x32a C:\Users\ronger\AppData\Local\Temp\offline_asr_alg_pro_sample.elf.18hZvL.ltrans0.ltrans.o
 .text.CI0049   0x000000001ff521f8       0x56 C:\Users\ronger\AppData\Local\Temp\offline_asr_alg_pro_sample.elf.18hZvL.ltrans0.ltrans.o
 .text.CI0098.isra.0
                0x000000001ff5224e       0x9a C:\Users\ronger\AppData\Local\Temp\offline_asr_alg_pro_sample.elf.18hZvL.ltrans0.ltrans.o
 .text.CI0066   0x000000001ff522e8       0x4c C:\Users\ronger\AppData\Local\Temp\offline_asr_alg_pro_sample.elf.18hZvL.ltrans0.ltrans.o
 .text.CI0114   0x000000001ff52334       0x82 C:\Users\ronger\AppData\Local\Temp\offline_asr_alg_pro_sample.elf.18hZvL.ltrans0.ltrans.o
 .text.CI0001   0x000000001ff523b6       0x72 C:\Users\ronger\AppData\Local\Temp\offline_asr_alg_pro_sample.elf.18hZvL.ltrans0.ltrans.o
 .text.CI0028   0x000000001ff52428       0xd0 C:\Users\ronger\AppData\Local\Temp\offline_asr_alg_pro_sample.elf.18hZvL.ltrans0.ltrans.o
 .text.rc_callee_print_pwk_db_in_host
                0x000000001ff524f8        0x2 C:\Users\ronger\AppData\Local\Temp\offline_asr_alg_pro_sample.elf.18hZvL.ltrans0.ltrans.o
                0x000000001ff524f8                rc_callee_print_pwk_db_in_host
 .text.rc_callee_print_doa_angle_in_host
                0x000000001ff524fa        0x2 C:\Users\ronger\AppData\Local\Temp\offline_asr_alg_pro_sample.elf.18hZvL.ltrans0.ltrans.o
                0x000000001ff524fa                rc_callee_print_doa_angle_in_host
 .text.rc_callee_sed_rslt_cb
                0x000000001ff524fc        0x2 C:\Users\ronger\AppData\Local\Temp\offline_asr_alg_pro_sample.elf.18hZvL.ltrans0.ltrans.o
                0x000000001ff524fc                rc_callee_sed_rslt_cb
 .text.rc_callee_deal_one_frm_fft_rslt_callback
                0x000000001ff524fe        0x2 C:\Users\ronger\AppData\Local\Temp\offline_asr_alg_pro_sample.elf.18hZvL.ltrans0.ltrans.o
                0x000000001ff524fe                rc_callee_deal_one_frm_fft_rslt_callback
 .text.rc_callee_audio_deal_one_frm_callback
                0x000000001ff52500        0x2 C:\Users\ronger\AppData\Local\Temp\offline_asr_alg_pro_sample.elf.18hZvL.ltrans0.ltrans.o
                0x000000001ff52500                rc_callee_audio_deal_one_frm_callback
 .text.rc_callee_set_tts_init_done
                0x000000001ff52502        0x4 C:\Users\ronger\AppData\Local\Temp\offline_asr_alg_pro_sample.elf.18hZvL.ltrans0.ltrans.o
                0x000000001ff52502                rc_callee_set_tts_init_done
 .text.efuse_check_int_state
                0x000000001ff52506       0x14 C:\Users\ronger\AppData\Local\Temp\offline_asr_alg_pro_sample.elf.18hZvL.ltrans0.ltrans.o
 .text.efuse_int_clear
                0x000000001ff5251a       0x12 C:\Users\ronger\AppData\Local\Temp\offline_asr_alg_pro_sample.elf.18hZvL.ltrans0.ltrans.o
 .text.prvTaskExitError
                0x000000001ff5252c       0x16 C:\Users\ronger\AppData\Local\Temp\offline_asr_alg_pro_sample.elf.18hZvL.ltrans0.ltrans.o
 .text.decoder_setwordstag
                0x000000001ff52542       0x2a C:\Users\ronger\AppData\Local\Temp\offline_asr_alg_pro_sample.elf.18hZvL.ltrans0.ltrans.o
 .text.decoder_task_timeout_deal
                0x000000001ff5256c       0x1c C:\Users\ronger\AppData\Local\Temp\offline_asr_alg_pro_sample.elf.18hZvL.ltrans0.ltrans.o
 .text.get_cha_check
                0x000000001ff52588       0x10 C:\Users\ronger\AppData\Local\Temp\offline_asr_alg_pro_sample.elf.18hZvL.ltrans0.ltrans.o
 .text.decide_clear
                0x000000001ff52598        0xe C:\Users\ronger\AppData\Local\Temp\offline_asr_alg_pro_sample.elf.18hZvL.ltrans0.ltrans.o
 .text.asrbest_result_clear
                0x000000001ff525a6       0x30 C:\Users\ronger\AppData\Local\Temp\offline_asr_alg_pro_sample.elf.18hZvL.ltrans0.ltrans.o
 .text.spic_write_by_cpu.constprop.0
                0x000000001ff525d6       0xc2 C:\Users\ronger\AppData\Local\Temp\offline_asr_alg_pro_sample.elf.18hZvL.ltrans0.ltrans.o
 .text.check_equal_word.constprop.0
                0x000000001ff52698       0x34 C:\Users\ronger\AppData\Local\Temp\offline_asr_alg_pro_sample.elf.18hZvL.ltrans0.ltrans.o
 .text.clean_nlp_keywords
                0x000000001ff526cc       0x70 C:\Users\ronger\AppData\Local\Temp\offline_asr_alg_pro_sample.elf.18hZvL.ltrans0.ltrans.o
 .text.check_cwsl_asr.part.0.constprop.0
                0x000000001ff5273c       0x5a C:\Users\ronger\AppData\Local\Temp\offline_asr_alg_pro_sample.elf.18hZvL.ltrans0.ltrans.o
 .text.get_asr_result_for_final.constprop.0
                0x000000001ff52796       0xbe C:\Users\ronger\AppData\Local\Temp\offline_asr_alg_pro_sample.elf.18hZvL.ltrans0.ltrans.o
 .text.CI0159.isra.0
                0x000000001ff52854      0x13e C:\Users\ronger\AppData\Local\Temp\offline_asr_alg_pro_sample.elf.18hZvL.ltrans0.ltrans.o
 .text.CI0060   0x000000001ff52992      0x142 C:\Users\ronger\AppData\Local\Temp\offline_asr_alg_pro_sample.elf.18hZvL.ltrans0.ltrans.o
 .text.CI0157.part.0
                0x000000001ff52ad4       0x34 C:\Users\ronger\AppData\Local\Temp\offline_asr_alg_pro_sample.elf.18hZvL.ltrans0.ltrans.o
 .text.CI0120   0x000000001ff52b08      0x15a C:\Users\ronger\AppData\Local\Temp\offline_asr_alg_pro_sample.elf.18hZvL.ltrans0.ltrans.o
 .text.free_utt2len
                0x000000001ff52c62       0x4a C:\Users\ronger\AppData\Local\Temp\offline_asr_alg_pro_sample.elf.18hZvL.ltrans0.ltrans.o
 .text.CI0158   0x000000001ff52cac       0x26 C:\Users\ronger\AppData\Local\Temp\offline_asr_alg_pro_sample.elf.18hZvL.ltrans0.ltrans.o
 .text.CI0156   0x000000001ff52cd2       0x82 C:\Users\ronger\AppData\Local\Temp\offline_asr_alg_pro_sample.elf.18hZvL.ltrans0.ltrans.o
 .text.decoder_release
                0x000000001ff52d54      0x15e C:\Users\ronger\AppData\Local\Temp\offline_asr_alg_pro_sample.elf.18hZvL.ltrans0.ltrans.o
 .text.CI0116.constprop.0
                0x000000001ff52eb2       0xa2 C:\Users\ronger\AppData\Local\Temp\offline_asr_alg_pro_sample.elf.18hZvL.ltrans0.ltrans.o
 .text.CI0022   0x000000001ff52f54       0x6e C:\Users\ronger\AppData\Local\Temp\offline_asr_alg_pro_sample.elf.18hZvL.ltrans0.ltrans.o
 .text.CI0069   0x000000001ff52fc2      0x270 C:\Users\ronger\AppData\Local\Temp\offline_asr_alg_pro_sample.elf.18hZvL.ltrans0.ltrans.o
 .text.CI0118   0x000000001ff53232      0x26a C:\Users\ronger\AppData\Local\Temp\offline_asr_alg_pro_sample.elf.18hZvL.ltrans0.ltrans.o
 .text.CI0036   0x000000001ff5349c      0x6e0 C:\Users\ronger\AppData\Local\Temp\offline_asr_alg_pro_sample.elf.18hZvL.ltrans0.ltrans.o
 .text.rc_callee_malloc_in_host
                0x000000001ff53b7c        0xe C:\Users\ronger\AppData\Local\Temp\offline_asr_alg_pro_sample.elf.18hZvL.ltrans0.ltrans.o
                0x000000001ff53b7c                rc_callee_malloc_in_host
 .text.readflash_to_mem
                0x000000001ff53b8a       0x54 C:\Users\ronger\AppData\Local\Temp\offline_asr_alg_pro_sample.elf.18hZvL.ltrans0.ltrans.o
 .text.rc_callee_set_tts_dnn_done
                0x000000001ff53bde        0x4 C:\Users\ronger\AppData\Local\Temp\offline_asr_alg_pro_sample.elf.18hZvL.ltrans0.ltrans.o
                0x000000001ff53bde                rc_callee_set_tts_dnn_done
 .text.rc_callee_get_current_model_addr
                0x000000001ff53be2       0x14 C:\Users\ronger\AppData\Local\Temp\offline_asr_alg_pro_sample.elf.18hZvL.ltrans0.ltrans.o
                0x000000001ff53be2                rc_callee_get_current_model_addr
 .text.get_cmd_words_type_id
                0x000000001ff53bf6       0x10 C:\Users\ronger\AppData\Local\Temp\offline_asr_alg_pro_sample.elf.18hZvL.ltrans0.ltrans.o
 .text.get_cmd_words_semantic_id
                0x000000001ff53c06       0x10 C:\Users\ronger\AppData\Local\Temp\offline_asr_alg_pro_sample.elf.18hZvL.ltrans0.ltrans.o
 .text.decoder_bufinfo_clear
                0x000000001ff53c16       0x3e C:\Users\ronger\AppData\Local\Temp\offline_asr_alg_pro_sample.elf.18hZvL.ltrans0.ltrans.o
 .text.eclic_set_irq_priority.constprop.0
                0x000000001ff53c54       0x3a C:\Users\ronger\AppData\Local\Temp\offline_asr_alg_pro_sample.elf.18hZvL.ltrans0.ltrans.o
                0x000000001ff53c54                eclic_set_irq_priority.constprop.0
 .text.spic_read_by_cpu.constprop.0
                0x000000001ff53c8e      0x10a C:\Users\ronger\AppData\Local\Temp\offline_asr_alg_pro_sample.elf.18hZvL.ltrans0.ltrans.o
                0x000000001ff53c8e                spic_read_by_cpu.constprop.0
 .text.spic_read_status_register.constprop.0
                0x000000001ff53d98       0x3a C:\Users\ronger\AppData\Local\Temp\offline_asr_alg_pro_sample.elf.18hZvL.ltrans0.ltrans.o
                0x000000001ff53d98                spic_read_status_register.constprop.0
 .text.spic_check_busy.constprop.0
                0x000000001ff53dd2       0x36 C:\Users\ronger\AppData\Local\Temp\offline_asr_alg_pro_sample.elf.18hZvL.ltrans0.ltrans.o
                0x000000001ff53dd2                spic_check_busy.constprop.0
 .text.spic_send_cmd.constprop.0
                0x000000001ff53e08       0x40 C:\Users\ronger\AppData\Local\Temp\offline_asr_alg_pro_sample.elf.18hZvL.ltrans0.ltrans.o
                0x000000001ff53e08                spic_send_cmd.constprop.0
 .text.spic_write_status_register.constprop.0
                0x000000001ff53e48       0xb2 C:\Users\ronger\AppData\Local\Temp\offline_asr_alg_pro_sample.elf.18hZvL.ltrans0.ltrans.o
                0x000000001ff53e48                spic_write_status_register.constprop.0
 .text.spic_clk_phase_set.constprop.0
                0x000000001ff53efa       0x40 C:\Users\ronger\AppData\Local\Temp\offline_asr_alg_pro_sample.elf.18hZvL.ltrans0.ltrans.o
                0x000000001ff53efa                spic_clk_phase_set.constprop.0
 .text.spic_releasepowerdown.constprop.0
                0x000000001ff53f3a       0x48 C:\Users\ronger\AppData\Local\Temp\offline_asr_alg_pro_sample.elf.18hZvL.ltrans0.ltrans.o
                0x000000001ff53f3a                spic_releasepowerdown.constprop.0
 .text.spic_powerdown.constprop.0
                0x000000001ff53f82       0x28 C:\Users\ronger\AppData\Local\Temp\offline_asr_alg_pro_sample.elf.18hZvL.ltrans0.ltrans.o
                0x000000001ff53f82                spic_powerdown.constprop.0
 .text.xQueueCreateMutex.constprop.0
                0x000000001ff53faa       0x2e C:\Users\ronger\AppData\Local\Temp\offline_asr_alg_pro_sample.elf.18hZvL.ltrans0.ltrans.o
                0x000000001ff53faa                xQueueCreateMutex.constprop.0
 .text.find_id.constprop.0
                0x000000001ff53fd8       0x4a C:\Users\ronger\AppData\Local\Temp\offline_asr_alg_pro_sample.elf.18hZvL.ltrans0.ltrans.o
                0x000000001ff53fd8                find_id.constprop.0
 .text.DMAC_M2P_P2M_advance_config.constprop.0
                0x000000001ff54022      0x15a C:\Users\ronger\AppData\Local\Temp\offline_asr_alg_pro_sample.elf.18hZvL.ltrans0.ltrans.o
                0x000000001ff54022                DMAC_M2P_P2M_advance_config.constprop.0
 .text.dpmu_unlock_cfg_config
                0x000000001ff5417c       0x12 C:\Users\ronger\AppData\Local\Temp\offline_asr_alg_pro_sample.elf.18hZvL.ltrans0.ltrans.o
                0x000000001ff5417c                dpmu_unlock_cfg_config
 .text.dpmu_config_update_en
                0x000000001ff5418e       0x3a C:\Users\ronger\AppData\Local\Temp\offline_asr_alg_pro_sample.elf.18hZvL.ltrans0.ltrans.o
                0x000000001ff5418e                dpmu_config_update_en
 .text.dpmu_ldo3_lv_set
                0x000000001ff541c8       0x32 C:\Users\ronger\AppData\Local\Temp\offline_asr_alg_pro_sample.elf.18hZvL.ltrans0.ltrans.o
                0x000000001ff541c8                dpmu_ldo3_lv_set
 .text.dpmu_ldo2_lv_set
                0x000000001ff541fa       0x2e C:\Users\ronger\AppData\Local\Temp\offline_asr_alg_pro_sample.elf.18hZvL.ltrans0.ltrans.o
                0x000000001ff541fa                dpmu_ldo2_lv_set
 .text.dpmu_ldo1_lv_set
                0x000000001ff54228       0x28 C:\Users\ronger\AppData\Local\Temp\offline_asr_alg_pro_sample.elf.18hZvL.ltrans0.ltrans.o
                0x000000001ff54228                dpmu_ldo1_lv_set
 .text.dpmu_set_pmu_trim_value
                0x000000001ff54250       0x32 C:\Users\ronger\AppData\Local\Temp\offline_asr_alg_pro_sample.elf.18hZvL.ltrans0.ltrans.o
                0x000000001ff54250                dpmu_set_pmu_trim_value
 .text.dpmu_clean_reset_state
                0x000000001ff54282       0x1a C:\Users\ronger\AppData\Local\Temp\offline_asr_alg_pro_sample.elf.18hZvL.ltrans0.ltrans.o
 .text.dpmu_set_io_pull
                0x000000001ff5429c       0x3e C:\Users\ronger\AppData\Local\Temp\offline_asr_alg_pro_sample.elf.18hZvL.ltrans0.ltrans.o
                0x000000001ff5429c                dpmu_set_io_pull
 .text.dpmu_software_reset_system_config
                0x000000001ff542da       0x2e C:\Users\ronger\AppData\Local\Temp\offline_asr_alg_pro_sample.elf.18hZvL.ltrans0.ltrans.o
                0x000000001ff542da                dpmu_software_reset_system_config
 .text.dpmu_get_pll_frequency
                0x000000001ff54308       0x3e C:\Users\ronger\AppData\Local\Temp\offline_asr_alg_pro_sample.elf.18hZvL.ltrans0.ltrans.o
                0x000000001ff54308                dpmu_get_pll_frequency
 .text.efuse_read_data
                0x000000001ff54346        0xe C:\Users\ronger\AppData\Local\Temp\offline_asr_alg_pro_sample.elf.18hZvL.ltrans0.ltrans.o
                0x000000001ff54346                efuse_read_data
 .text.AON_EFUSE_IRQHandler
                0x000000001ff54354       0x72 C:\Users\ronger\AppData\Local\Temp\offline_asr_alg_pro_sample.elf.18hZvL.ltrans0.ltrans.o
                0x000000001ff54354                AON_EFUSE_IRQHandler
 .text.efuse_check_idle
                0x000000001ff543c6        0xe C:\Users\ronger\AppData\Local\Temp\offline_asr_alg_pro_sample.elf.18hZvL.ltrans0.ltrans.o
                0x000000001ff543c6                efuse_check_idle
 .text.efuse_read_start
                0x000000001ff543d4        0xe C:\Users\ronger\AppData\Local\Temp\offline_asr_alg_pro_sample.elf.18hZvL.ltrans0.ltrans.o
                0x000000001ff543d4                efuse_read_start
 .text.efuse_clk_freq_sel
                0x000000001ff543e2       0x10 C:\Users\ronger\AppData\Local\Temp\offline_asr_alg_pro_sample.elf.18hZvL.ltrans0.ltrans.o
                0x000000001ff543e2                efuse_clk_freq_sel
 .text.scu_get_system_reset_state
                0x000000001ff543f2       0x32 C:\Users\ronger\AppData\Local\Temp\offline_asr_alg_pro_sample.elf.18hZvL.ltrans0.ltrans.o
                0x000000001ff543f2                scu_get_system_reset_state
 .text.scu_unlock_reset_config
                0x000000001ff54424       0x12 C:\Users\ronger\AppData\Local\Temp\offline_asr_alg_pro_sample.elf.18hZvL.ltrans0.ltrans.o
                0x000000001ff54424                scu_unlock_reset_config
 .text.scu_set_device_reset_release
                0x000000001ff54436      0x144 C:\Users\ronger\AppData\Local\Temp\offline_asr_alg_pro_sample.elf.18hZvL.ltrans0.ltrans.o
                0x000000001ff54436                scu_set_device_reset_release
 .text.scu_set_device_reset
                0x000000001ff5457a      0x150 C:\Users\ronger\AppData\Local\Temp\offline_asr_alg_pro_sample.elf.18hZvL.ltrans0.ltrans.o
                0x000000001ff5457a                scu_set_device_reset
 .text.scu_unlock_clk_config
                0x000000001ff546ca       0x12 C:\Users\ronger\AppData\Local\Temp\offline_asr_alg_pro_sample.elf.18hZvL.ltrans0.ltrans.o
                0x000000001ff546ca                scu_unlock_clk_config
 .text.scu_iis_codec_mclk_config
                0x000000001ff546dc       0x8c C:\Users\ronger\AppData\Local\Temp\offline_asr_alg_pro_sample.elf.18hZvL.ltrans0.ltrans.o
                0x000000001ff546dc                scu_iis_codec_mclk_config
 .text.scu_iis_pad_mclk_config
                0x000000001ff54768       0x74 C:\Users\ronger\AppData\Local\Temp\offline_asr_alg_pro_sample.elf.18hZvL.ltrans0.ltrans.o
                0x000000001ff54768                scu_iis_pad_mclk_config
 .text.scu_iis_pad_clk_config
                0x000000001ff547dc       0x74 C:\Users\ronger\AppData\Local\Temp\offline_asr_alg_pro_sample.elf.18hZvL.ltrans0.ltrans.o
                0x000000001ff547dc                scu_iis_pad_clk_config
 .text.scu_iis_clk_config
                0x000000001ff54850       0xb2 C:\Users\ronger\AppData\Local\Temp\offline_asr_alg_pro_sample.elf.18hZvL.ltrans0.ltrans.o
                0x000000001ff54850                scu_iis_clk_config
 .text.scu_iis_mclk_Config
                0x000000001ff54902       0x92 C:\Users\ronger\AppData\Local\Temp\offline_asr_alg_pro_sample.elf.18hZvL.ltrans0.ltrans.o
                0x000000001ff54902                scu_iis_mclk_Config
 .text.scu_set_div_parameter
                0x000000001ff54994      0x2ce C:\Users\ronger\AppData\Local\Temp\offline_asr_alg_pro_sample.elf.18hZvL.ltrans0.ltrans.o
                0x000000001ff54994                scu_set_div_parameter
 .text.scu_set_device_gate
                0x000000001ff54c62      0x1de C:\Users\ronger\AppData\Local\Temp\offline_asr_alg_pro_sample.elf.18hZvL.ltrans0.ltrans.o
                0x000000001ff54c62                scu_set_device_gate
 .text.UART_BAUDRATEConfig.constprop.0
                0x000000001ff54e40       0x66 C:\Users\ronger\AppData\Local\Temp\offline_asr_alg_pro_sample.elf.18hZvL.ltrans0.ltrans.o
                0x000000001ff54e40                UART_BAUDRATEConfig.constprop.0
 .text.scu_unlock_system_config
                0x000000001ff54ea6       0x12 C:\Users\ronger\AppData\Local\Temp\offline_asr_alg_pro_sample.elf.18hZvL.ltrans0.ltrans.o
                0x000000001ff54ea6                scu_unlock_system_config
 .text.dpmu_pll_config.constprop.0
                0x000000001ff54eb8      0x15c C:\Users\ronger\AppData\Local\Temp\offline_asr_alg_pro_sample.elf.18hZvL.ltrans0.ltrans.o
                0x000000001ff54eb8                dpmu_pll_config.constprop.0
 .text.MAIL_BOX_IRQHandler
                0x000000001ff55014       0x52 C:\Users\ronger\AppData\Local\Temp\offline_asr_alg_pro_sample.elf.18hZvL.ltrans0.ltrans.o
                0x000000001ff55014                MAIL_BOX_IRQHandler
 .text.xPortSetInterruptMask
                0x000000001ff55066       0x1e C:\Users\ronger\AppData\Local\Temp\offline_asr_alg_pro_sample.elf.18hZvL.ltrans0.ltrans.o
                0x000000001ff55066                xPortSetInterruptMask
 .text.xQueueGenericSendFromISR.constprop.0
                0x000000001ff55084       0x72 C:\Users\ronger\AppData\Local\Temp\offline_asr_alg_pro_sample.elf.18hZvL.ltrans0.ltrans.o
                0x000000001ff55084                xQueueGenericSendFromISR.constprop.0
 .text.xTimerGenericCommand.constprop.0
                0x000000001ff550f6       0x2e C:\Users\ronger\AppData\Local\Temp\offline_asr_alg_pro_sample.elf.18hZvL.ltrans0.ltrans.o
                0x000000001ff550f6                xTimerGenericCommand.constprop.0
 .text.send_msg_to_sys_task.constprop.0
                0x000000001ff55124       0x2e C:\Users\ronger\AppData\Local\Temp\offline_asr_alg_pro_sample.elf.18hZvL.ltrans0.ltrans.o
                0x000000001ff55124                send_msg_to_sys_task.constprop.0
 .text.offline_nlp_timer_callback
                0x000000001ff55152       0x30 C:\Users\ronger\AppData\Local\Temp\offline_asr_alg_pro_sample.elf.18hZvL.ltrans0.ltrans.o
                0x000000001ff55152                offline_nlp_timer_callback
 .text.nlp_callback
                0x000000001ff55182       0xd4 C:\Users\ronger\AppData\Local\Temp\offline_asr_alg_pro_sample.elf.18hZvL.ltrans0.ltrans.o
 .text.vPortExitCritical
                0x000000001ff55256       0x16 C:\Users\ronger\AppData\Local\Temp\offline_asr_alg_pro_sample.elf.18hZvL.ltrans0.ltrans.o
                0x000000001ff55256                vPortExitCritical
 .text.vPortEnterCritical
                0x000000001ff5526c       0x20 C:\Users\ronger\AppData\Local\Temp\offline_asr_alg_pro_sample.elf.18hZvL.ltrans0.ltrans.o
                0x000000001ff5526c                vPortEnterCritical
 .text.set_state_enter_wakeup.constprop.0
                0x000000001ff5528c       0x5a C:\Users\ronger\AppData\Local\Temp\offline_asr_alg_pro_sample.elf.18hZvL.ltrans0.ltrans.o
                0x000000001ff5528c                set_state_enter_wakeup.constprop.0
 .text.enter_wakeup_deal.constprop.0
                0x000000001ff552e6       0x3e C:\Users\ronger\AppData\Local\Temp\offline_asr_alg_pro_sample.elf.18hZvL.ltrans0.ltrans.o
                0x000000001ff552e6                enter_wakeup_deal.constprop.0
 .text.vPortSetup
                0x000000001ff55324       0x9a C:\Users\ronger\AppData\Local\Temp\offline_asr_alg_pro_sample.elf.18hZvL.ltrans0.ltrans.o
                0x000000001ff55324                vPortSetup
 .text.set_nlp_delayed_end
                0x000000001ff553be       0x50 C:\Users\ronger\AppData\Local\Temp\offline_asr_alg_pro_sample.elf.18hZvL.ltrans0.ltrans.o
 .text.vDoTaskSwitchContext
                0x000000001ff5540e       0x76 C:\Users\ronger\AppData\Local\Temp\offline_asr_alg_pro_sample.elf.18hZvL.ltrans0.ltrans.o
                0x000000001ff5540e                vDoTaskSwitchContext
 .text.taskswitch
                0x000000001ff55484       0x14 C:\Users\ronger\AppData\Local\Temp\offline_asr_alg_pro_sample.elf.18hZvL.ltrans0.ltrans.o
                0x000000001ff55484                taskswitch
 .text.vPortClearMSIPInt
                0x000000001ff55498       0x12 C:\Users\ronger\AppData\Local\Temp\offline_asr_alg_pro_sample.elf.18hZvL.ltrans0.ltrans.o
                0x000000001ff55498                vPortClearMSIPInt
 .text.vPortSetMSIPInt
                0x000000001ff554aa       0x1a C:\Users\ronger\AppData\Local\Temp\offline_asr_alg_pro_sample.elf.18hZvL.ltrans0.ltrans.o
                0x000000001ff554aa                vPortSetMSIPInt
 .text.xTaskCreate.constprop.0
                0x000000001ff554c4      0x1fc C:\Users\ronger\AppData\Local\Temp\offline_asr_alg_pro_sample.elf.18hZvL.ltrans0.ltrans.o
                0x000000001ff554c4                xTaskCreate.constprop.0
 .text.vPortSysTickHandler
                0x000000001ff556c0       0x60 C:\Users\ronger\AppData\Local\Temp\offline_asr_alg_pro_sample.elf.18hZvL.ltrans0.ltrans.o
                0x000000001ff556c0                vPortSysTickHandler
 .text.flash_manage_give_op_done_sem
                0x000000001ff55720       0x4c C:\Users\ronger\AppData\Local\Temp\offline_asr_alg_pro_sample.elf.18hZvL.ltrans0.ltrans.o
 .text.flash_manage_nuclear_com_outside_serve_cb.lto_priv.0
                0x000000001ff5576c       0x42 C:\Users\ronger\AppData\Local\Temp\offline_asr_alg_pro_sample.elf.18hZvL.ltrans0.ltrans.o
                0x000000001ff5576c                flash_manage_nuclear_com_outside_serve_cb.lto_priv.0
 .text.give_flash_sem.lto_priv.0
                0x000000001ff557ae       0x1e C:\Users\ronger\AppData\Local\Temp\offline_asr_alg_pro_sample.elf.18hZvL.ltrans0.ltrans.o
                0x000000001ff557ae                give_flash_sem.lto_priv.0
 .text.IISDMA_ChannelIntENConfig.constprop.0
                0x000000001ff557cc       0x58 C:\Users\ronger\AppData\Local\Temp\offline_asr_alg_pro_sample.elf.18hZvL.ltrans0.ltrans.o
                0x000000001ff557cc                IISDMA_ChannelIntENConfig.constprop.0
 .text.asr_result_callback_nlp.constprop.0
                0x000000001ff55824      0x726 C:\Users\ronger\AppData\Local\Temp\offline_asr_alg_pro_sample.elf.18hZvL.ltrans0.ltrans.o
                0x000000001ff55824                asr_result_callback_nlp.constprop.0
 .text.app_deal_asr_reuslt_callback.constprop.0
                0x000000001ff55f4a      0xa7e C:\Users\ronger\AppData\Local\Temp\offline_asr_alg_pro_sample.elf.18hZvL.ltrans0.ltrans.o
 .text.rc_callee_alg_aes_addr
                0x000000001ff569c8       0x1c C:\Users\ronger\AppData\Local\Temp\offline_asr_alg_pro_sample.elf.18hZvL.ltrans0.ltrans.o
                0x000000001ff569c8                rc_callee_alg_aes_addr
 .text.rc_callee_alg_aes_type_tip
                0x000000001ff569e4       0x1a C:\Users\ronger\AppData\Local\Temp\offline_asr_alg_pro_sample.elf.18hZvL.ltrans0.ltrans.o
                0x000000001ff569e4                rc_callee_alg_aes_type_tip
 .text.rc_callee_free_in_host
                0x000000001ff569fe       0x40 C:\Users\ronger\AppData\Local\Temp\offline_asr_alg_pro_sample.elf.18hZvL.ltrans0.ltrans.o
                0x000000001ff569fe                rc_callee_free_in_host
 .text.mailbox_send_msg
                0x000000001ff56a3e       0xba C:\Users\ronger\AppData\Local\Temp\offline_asr_alg_pro_sample.elf.18hZvL.ltrans0.ltrans.o
                0x000000001ff56a3e                mailbox_send_msg
 .text.nuclear_com_send.constprop.0
                0x000000001ff56af8       0xba C:\Users\ronger\AppData\Local\Temp\offline_asr_alg_pro_sample.elf.18hZvL.ltrans0.ltrans.o
                0x000000001ff56af8                nuclear_com_send.constprop.0
 .text.asr_top_ept_cal_serve_rpmsg.lto_priv.0
                0x000000001ff56bb2       0x1c C:\Users\ronger\AppData\Local\Temp\offline_asr_alg_pro_sample.elf.18hZvL.ltrans0.ltrans.o
                0x000000001ff56bb2                vad_fe_ept_cal_serve_rpmsg.lto_priv.0
                0x000000001ff56bb2                asr_top_ept_cal_serve_rpmsg.lto_priv.0
 .text.get_g_prun_count
                0x000000001ff56bce       0x1c C:\Users\ronger\AppData\Local\Temp\offline_asr_alg_pro_sample.elf.18hZvL.ltrans0.ltrans.o
 .text.asrtop_asr_system_create_model.constprop.0
                0x000000001ff56bea       0x58 C:\Users\ronger\AppData\Local\Temp\offline_asr_alg_pro_sample.elf.18hZvL.ltrans0.ltrans.o
                0x000000001ff56bea                asrtop_asr_system_create_model.constprop.0
 .text.flash_manage_ept_cal_serve_rpmsg.lto_priv.0
                0x000000001ff56c42       0x1c C:\Users\ronger\AppData\Local\Temp\offline_asr_alg_pro_sample.elf.18hZvL.ltrans0.ltrans.o
                0x000000001ff56c42                flash_manage_ept_cal_serve_rpmsg.lto_priv.0
 .text.remote_call_task.lto_priv.0
                0x000000001ff56c5e       0xfa C:\Users\ronger\AppData\Local\Temp\offline_asr_alg_pro_sample.elf.18hZvL.ltrans0.ltrans.o
                0x000000001ff56c5e                remote_call_task.lto_priv.0
 .text.nuclear_com_irq_handler
                0x000000001ff56d58      0x16e C:\Users\ronger\AppData\Local\Temp\offline_asr_alg_pro_sample.elf.18hZvL.ltrans0.ltrans.o
                0x000000001ff56d58                nuclear_com_irq_handler
 .text.ulSynchTrap
                0x000000001ff56ec6      0x110 C:\Users\ronger\AppData\Local\Temp\offline_asr_alg_pro_sample.elf.18hZvL.ltrans0.ltrans.o
                0x000000001ff56ec6                ulSynchTrap
 .text.wait_flash_sem
                0x000000001ff56fd6       0x3e C:\Users\ronger\AppData\Local\Temp\offline_asr_alg_pro_sample.elf.18hZvL.ltrans0.ltrans.o
 .text.post_read_flash
                0x000000001ff57014       0x94 C:\Users\ronger\AppData\Local\Temp\offline_asr_alg_pro_sample.elf.18hZvL.ltrans0.ltrans.o
                0x000000001ff57014                post_read_flash
 .text.rc_callee_get_dqt_bias
                0x000000001ff570a8       0x50 C:\Users\ronger\AppData\Local\Temp\offline_asr_alg_pro_sample.elf.18hZvL.ltrans0.ltrans.o
                0x000000001ff570a8                rc_callee_get_dqt_bias
 .text.rc_callee_get_data_in
                0x000000001ff570f8       0x14 C:\Users\ronger\AppData\Local\Temp\offline_asr_alg_pro_sample.elf.18hZvL.ltrans0.ltrans.o
                0x000000001ff570f8                rc_callee_get_data_in
 .text.rc_callee_get_pingyin_word
                0x000000001ff5710c       0x6c C:\Users\ronger\AppData\Local\Temp\offline_asr_alg_pro_sample.elf.18hZvL.ltrans0.ltrans.o
                0x000000001ff5710c                rc_callee_get_pingyin_word
 .text.decoder_task_clear_done
                0x000000001ff57178       0x36 C:\Users\ronger\AppData\Local\Temp\offline_asr_alg_pro_sample.elf.18hZvL.ltrans0.ltrans.o
 .text.decoder_release_done
                0x000000001ff571ae       0x36 C:\Users\ronger\AppData\Local\Temp\offline_asr_alg_pro_sample.elf.18hZvL.ltrans0.ltrans.o
 .text.decodersys_clear
                0x000000001ff571e4       0x8c C:\Users\ronger\AppData\Local\Temp\offline_asr_alg_pro_sample.elf.18hZvL.ltrans0.ltrans.o
 .text.decoer_create_lm_get_ac_info
                0x000000001ff57270     0x1000 C:\Users\ronger\AppData\Local\Temp\offline_asr_alg_pro_sample.elf.18hZvL.ltrans0.ltrans.o
 .text.decoder_rpmsg_serve_cb
                0x000000001ff58270      0x3a8 C:\Users\ronger\AppData\Local\Temp\offline_asr_alg_pro_sample.elf.18hZvL.ltrans0.ltrans.o
                0x000000001ff58270                decoder_rpmsg_serve_cb
 .text.flash_manage_req_wait_op_done_sem
                0x000000001ff58618       0xca C:\Users\ronger\AppData\Local\Temp\offline_asr_alg_pro_sample.elf.18hZvL.ltrans0.ltrans.o
 .text.post_erase_flash.constprop.0
                0x000000001ff586e2       0x70 C:\Users\ronger\AppData\Local\Temp\offline_asr_alg_pro_sample.elf.18hZvL.ltrans0.ltrans.o
                0x000000001ff586e2                post_erase_flash.constprop.0
 .text.post_spic_read_unique_id
                0x000000001ff58752       0x36 C:\Users\ronger\AppData\Local\Temp\offline_asr_alg_pro_sample.elf.18hZvL.ltrans0.ltrans.o
 .text.rc_callee_flash_get_en_data
                0x000000001ff58788       0x1c C:\Users\ronger\AppData\Local\Temp\offline_asr_alg_pro_sample.elf.18hZvL.ltrans0.ltrans.o
                0x000000001ff58788                rc_callee_flash_get_en_data
 .text.post_write_flash
                0x000000001ff587a4       0x3e C:\Users\ronger\AppData\Local\Temp\offline_asr_alg_pro_sample.elf.18hZvL.ltrans0.ltrans.o
                0x000000001ff587a4                post_write_flash
 .text.write_item.constprop.0
                0x000000001ff587e2       0xea C:\Users\ronger\AppData\Local\Temp\offline_asr_alg_pro_sample.elf.18hZvL.ltrans0.ltrans.o
 .text.init_item.constprop.0
                0x000000001ff588cc       0xc0 C:\Users\ronger\AppData\Local\Temp\offline_asr_alg_pro_sample.elf.18hZvL.ltrans0.ltrans.o
                0x000000001ff588cc                init_item.constprop.0
 .text.send_notdeal_msg_to_decoder_queue
                0x000000001ff5898c       0xca C:\Users\ronger\AppData\Local\Temp\offline_asr_alg_pro_sample.elf.18hZvL.ltrans0.ltrans.o
 .text.clear_decode_queuemsg
                0x000000001ff58a56       0xe0 C:\Users\ronger\AppData\Local\Temp\offline_asr_alg_pro_sample.elf.18hZvL.ltrans0.ltrans.o
 .text.decoder_manage_task
                0x000000001ff58b36      0x728 C:\Users\ronger\AppData\Local\Temp\offline_asr_alg_pro_sample.elf.18hZvL.ltrans0.ltrans.o
                0x000000001ff58b36                decoder_manage_task
 .text.limit_min_max
                0x000000001ff5925e       0x12 C:\Users\ronger\AppData\Local\Temp\offline_asr_alg_pro_sample.elf.18hZvL.ltrans1.ltrans.o
 .text.other_func_serve_cb
                0x000000001ff59270       0x1a C:\Users\ronger\AppData\Local\Temp\offline_asr_alg_pro_sample.elf.18hZvL.ltrans1.ltrans.o
 .text.icodec_config
                0x000000001ff5928a      0x112 C:\Users\ronger\AppData\Local\Temp\offline_asr_alg_pro_sample.elf.18hZvL.ltrans1.ltrans.o
 .text.icodec_stop
                0x000000001ff5939c       0x20 C:\Users\ronger\AppData\Local\Temp\offline_asr_alg_pro_sample.elf.18hZvL.ltrans1.ltrans.o
 .text.inner_codec_adc_dig_gain_set
                0x000000001ff593bc       0x44 C:\Users\ronger\AppData\Local\Temp\offline_asr_alg_pro_sample.elf.18hZvL.ltrans1.ltrans.o
 .text.get_pga_gain_reg_data_from_db
                0x000000001ff59400       0x3a C:\Users\ronger\AppData\Local\Temp\offline_asr_alg_pro_sample.elf.18hZvL.ltrans1.ltrans.o
 .text.icodec_ioctl
                0x000000001ff5943a       0xfe C:\Users\ronger\AppData\Local\Temp\offline_asr_alg_pro_sample.elf.18hZvL.ltrans1.ltrans.o
 .text.prvInsertBlockIntoFreeList
                0x000000001ff59538       0x42 C:\Users\ronger\AppData\Local\Temp\offline_asr_alg_pro_sample.elf.18hZvL.ltrans1.ltrans.o
 .text.prvResetNextTaskUnblockTime
                0x000000001ff5957a       0x1e C:\Users\ronger\AppData\Local\Temp\offline_asr_alg_pro_sample.elf.18hZvL.ltrans1.ltrans.o
 .text.prvCopyDataFromQueue
                0x000000001ff59598       0x2c C:\Users\ronger\AppData\Local\Temp\offline_asr_alg_pro_sample.elf.18hZvL.ltrans1.ltrans.o
 .text.uxListRemove
                0x000000001ff595c4       0x20 C:\Users\ronger\AppData\Local\Temp\offline_asr_alg_pro_sample.elf.18hZvL.ltrans1.ltrans.o
 .text.vListInsert
                0x000000001ff595e4       0x2e C:\Users\ronger\AppData\Local\Temp\offline_asr_alg_pro_sample.elf.18hZvL.ltrans1.ltrans.o
 .text.prvInsertTimerInActiveList
                0x000000001ff59612       0x3e C:\Users\ronger\AppData\Local\Temp\offline_asr_alg_pro_sample.elf.18hZvL.ltrans1.ltrans.o
 .text.uart1_dma_read_irq_callback
                0x000000001ff59650       0x22 C:\Users\ronger\AppData\Local\Temp\offline_asr_alg_pro_sample.elf.18hZvL.ltrans1.ltrans.o
 .text.xTaskCheckForTimeOut
                0x000000001ff59672       0x64 C:\Users\ronger\AppData\Local\Temp\offline_asr_alg_pro_sample.elf.18hZvL.ltrans1.ltrans.o
 .text.iis_clk_gate
                0x000000001ff596d6       0x50 C:\Users\ronger\AppData\Local\Temp\offline_asr_alg_pro_sample.elf.18hZvL.ltrans1.ltrans.o
 .text.exit_wakeup_timer_callback
                0x000000001ff59726       0x1c C:\Users\ronger\AppData\Local\Temp\offline_asr_alg_pro_sample.elf.18hZvL.ltrans1.ltrans.o
 .text.play_enter_wakeup_done_cb
                0x000000001ff59742       0x1e C:\Users\ronger\AppData\Local\Temp\offline_asr_alg_pro_sample.elf.18hZvL.ltrans1.ltrans.o
                0x000000001ff59742                play_enter_wakeup_done_cb
 .text.prvSwitchTimerLists
                0x000000001ff59760       0x64 C:\Users\ronger\AppData\Local\Temp\offline_asr_alg_pro_sample.elf.18hZvL.ltrans1.ltrans.o
 .text.load_freq_correct_factor
                0x000000001ff597c4      0x358 C:\Users\ronger\AppData\Local\Temp\offline_asr_alg_pro_sample.elf.18hZvL.ltrans1.ltrans.o
 .text.get_g_asrtop_asrsys_clear_flag
                0x000000001ff59b1c       0x1c C:\Users\ronger\AppData\Local\Temp\offline_asr_alg_pro_sample.elf.18hZvL.ltrans1.ltrans.o
                0x000000001ff59b1c                get_g_asrtop_asrsys_clear_flag
 .text.set_g_asrtop_asrsys_clear_flag
                0x000000001ff59b38       0x1c C:\Users\ronger\AppData\Local\Temp\offline_asr_alg_pro_sample.elf.18hZvL.ltrans1.ltrans.o
                0x000000001ff59b38                set_g_asrtop_asrsys_clear_flag
 .text.IWDG_IRQHandler
                0x000000001ff59b54        0x2 C:\Users\ronger\AppData\Local\Temp\offline_asr_alg_pro_sample.elf.18hZvL.ltrans1.ltrans.o
                0x000000001ff59b54                IWDG_IRQHandler
 .text.get_src_clk
                0x000000001ff59b56        0xc C:\Users\ronger\AppData\Local\Temp\offline_asr_alg_pro_sample.elf.18hZvL.ltrans1.ltrans.o
                0x000000001ff59b56                get_src_clk
 .text.spic_config_init.lto_priv.0
                0x000000001ff59b62       0x44 C:\Users\ronger\AppData\Local\Temp\offline_asr_alg_pro_sample.elf.18hZvL.ltrans1.ltrans.o
                0x000000001ff59b62                spic_config_init.lto_priv.0
 .text.IIC0_IRQHandler
                0x000000001ff59ba6      0x26e C:\Users\ronger\AppData\Local\Temp\offline_asr_alg_pro_sample.elf.18hZvL.ltrans1.ltrans.o
                0x000000001ff59ba6                IIC0_IRQHandler
 .text.check_curr_trap
                0x000000001ff59e14        0xe C:\Users\ronger\AppData\Local\Temp\offline_asr_alg_pro_sample.elf.18hZvL.ltrans1.ltrans.o
                0x000000001ff59e14                check_curr_trap
 .text.eclic_set_irq_lvl_abs.lto_priv.0
                0x000000001ff59e22       0x4a C:\Users\ronger\AppData\Local\Temp\offline_asr_alg_pro_sample.elf.18hZvL.ltrans1.ltrans.o
                0x000000001ff59e22                eclic_set_irq_lvl_abs.lto_priv.0
 .text.init_irq_pri
                0x000000001ff59e6c       0x22 C:\Users\ronger\AppData\Local\Temp\offline_asr_alg_pro_sample.elf.18hZvL.ltrans1.ltrans.o
 .text.nlp_mult_intent_greater_than_status
                0x000000001ff59e8e        0x4 C:\Users\ronger\AppData\Local\Temp\offline_asr_alg_pro_sample.elf.18hZvL.ltrans1.ltrans.o
                0x000000001ff59e8e                nlp_mult_intent_greater_than_status
 .text.nlp_mult_intent_equal_status
                0x000000001ff59e92        0x8 C:\Users\ronger\AppData\Local\Temp\offline_asr_alg_pro_sample.elf.18hZvL.ltrans1.ltrans.o
                0x000000001ff59e92                nlp_mult_intent_equal_status
 .text.decoder_port_free
                0x000000001ff59e9a       0x10 C:\Users\ronger\AppData\Local\Temp\offline_asr_alg_pro_sample.elf.18hZvL.ltrans1.ltrans.o
                0x000000001ff59e9a                decoder_port_free
 .text.decoder_port_malloc
                0x000000001ff59eaa       0x14 C:\Users\ronger\AppData\Local\Temp\offline_asr_alg_pro_sample.elf.18hZvL.ltrans1.ltrans.o
                0x000000001ff59eaa                decoder_port_malloc
 .text.codec_manage_inner_serve_cb
                0x000000001ff59ebe       0xac C:\Users\ronger\AppData\Local\Temp\offline_asr_alg_pro_sample.elf.18hZvL.ltrans1.ltrans.o
 .text.is_valid_cmd_handle
                0x000000001ff59f6a       0x1e C:\Users\ronger\AppData\Local\Temp\offline_asr_alg_pro_sample.elf.18hZvL.ltrans1.ltrans.o
                0x000000001ff59f6a                is_valid_cmd_handle
 .text.write_feb_status.lto_priv.0
                0x000000001ff59f88       0x4e C:\Users\ronger\AppData\Local\Temp\offline_asr_alg_pro_sample.elf.18hZvL.ltrans1.ltrans.o
                0x000000001ff59f88                write_feb_status.lto_priv.0
 .text.write_item_status.lto_priv.0
                0x000000001ff59fd6       0x7c C:\Users\ronger\AppData\Local\Temp\offline_asr_alg_pro_sample.elf.18hZvL.ltrans1.ltrans.o
                0x000000001ff59fd6                write_item_status.lto_priv.0
 .text.hotid_update.lto_priv.0
                0x000000001ff5a052       0x1c C:\Users\ronger\AppData\Local\Temp\offline_asr_alg_pro_sample.elf.18hZvL.ltrans1.ltrans.o
                0x000000001ff5a052                hotid_update.lto_priv.0
 .text.traverse_feb.lto_priv.0
                0x000000001ff5a06e      0x25a C:\Users\ronger\AppData\Local\Temp\offline_asr_alg_pro_sample.elf.18hZvL.ltrans1.ltrans.o
                0x000000001ff5a06e                traverse_feb.lto_priv.0
 .text.find_item.lto_priv.0
                0x000000001ff5a2c8       0x54 C:\Users\ronger\AppData\Local\Temp\offline_asr_alg_pro_sample.elf.18hZvL.ltrans1.ltrans.o
                0x000000001ff5a2c8                find_item.lto_priv.0
 .text.erase_feb.lto_priv.0
                0x000000001ff5a31c       0x2e C:\Users\ronger\AppData\Local\Temp\offline_asr_alg_pro_sample.elf.18hZvL.ltrans1.ltrans.o
                0x000000001ff5a31c                erase_feb.lto_priv.0
 .text.ciss_set
                0x000000001ff5a34a       0x16 C:\Users\ronger\AppData\Local\Temp\offline_asr_alg_pro_sample.elf.18hZvL.ltrans1.ltrans.o
                0x000000001ff5a34a                ciss_set
 .text.cached_flash_reader_read
                0x000000001ff5a360       0xa6 C:\Users\ronger\AppData\Local\Temp\offline_asr_alg_pro_sample.elf.18hZvL.ltrans1.ltrans.o
                0x000000001ff5a360                cached_flash_reader_read
 .text._printf  0x000000001ff5a406       0x76 C:\Users\ronger\AppData\Local\Temp\offline_asr_alg_pro_sample.elf.18hZvL.ltrans1.ltrans.o
                0x000000001ff5a406                _printf
 .text.UART1_IRQHandler
                0x000000001ff5a47c       0x72 C:\Users\ronger\AppData\Local\Temp\offline_asr_alg_pro_sample.elf.18hZvL.ltrans1.ltrans.o
                0x000000001ff5a47c                UART1_IRQHandler
 .text.play_exit_wakeup_done_cb
                0x000000001ff5a4ee       0x2a C:\Users\ronger\AppData\Local\Temp\offline_asr_alg_pro_sample.elf.18hZvL.ltrans1.ltrans.o
 .text.iis_wait_load_ctrl
                0x000000001ff5a518       0x38 C:\Users\ronger\AppData\Local\Temp\offline_asr_alg_pro_sample.elf.18hZvL.ltrans1.ltrans.o
 .text.IISxDMA_TADDR0.part.0
                0x000000001ff5a550       0x2c C:\Users\ronger\AppData\Local\Temp\offline_asr_alg_pro_sample.elf.18hZvL.ltrans1.ltrans.o
 .text.IISDMA_ADDRRollBackINT.part.0
                0x000000001ff5a57c       0x2c C:\Users\ronger\AppData\Local\Temp\offline_asr_alg_pro_sample.elf.18hZvL.ltrans1.ltrans.o
 .text.get_iis_dma_channel
                0x000000001ff5a5a8       0x58 C:\Users\ronger\AppData\Local\Temp\offline_asr_alg_pro_sample.elf.18hZvL.ltrans1.ltrans.o
 .text.init_iis.isra.0
                0x000000001ff5a600       0x8a C:\Users\ronger\AppData\Local\Temp\offline_asr_alg_pro_sample.elf.18hZvL.ltrans1.ltrans.o
 .text.asr_result_callback
                0x000000001ff5a68a       0x60 C:\Users\ronger\AppData\Local\Temp\offline_asr_alg_pro_sample.elf.18hZvL.ltrans1.ltrans.o
                0x000000001ff5a68a                asr_result_callback
 .text.xTaskGetSchedulerState
                0x000000001ff5a6ea       0x14 C:\Users\ronger\AppData\Local\Temp\offline_asr_alg_pro_sample.elf.18hZvL.ltrans1.ltrans.o
                0x000000001ff5a6ea                xTaskGetSchedulerState
 .text.vTaskSuspendAll
                0x000000001ff5a6fe        0xc C:\Users\ronger\AppData\Local\Temp\offline_asr_alg_pro_sample.elf.18hZvL.ltrans1.ltrans.o
                0x000000001ff5a6fe                vTaskSuspendAll
 .text.vListInsertEnd
                0x000000001ff5a70a       0x18 C:\Users\ronger\AppData\Local\Temp\offline_asr_alg_pro_sample.elf.18hZvL.ltrans1.ltrans.o
                0x000000001ff5a70a                vListInsertEnd
 .text.prvAddCurrentTaskToDelayedList.lto_priv.0
                0x000000001ff5a722       0x70 C:\Users\ronger\AppData\Local\Temp\offline_asr_alg_pro_sample.elf.18hZvL.ltrans1.ltrans.o
                0x000000001ff5a722                prvAddCurrentTaskToDelayedList.lto_priv.0
 .text.vTaskPlaceOnEventList
                0x000000001ff5a792       0x1c C:\Users\ronger\AppData\Local\Temp\offline_asr_alg_pro_sample.elf.18hZvL.ltrans1.ltrans.o
 .text.xTaskRemoveFromEventList
                0x000000001ff5a7ae       0x70 C:\Users\ronger\AppData\Local\Temp\offline_asr_alg_pro_sample.elf.18hZvL.ltrans1.ltrans.o
                0x000000001ff5a7ae                xTaskRemoveFromEventList
 .text.prvUnlockQueue
                0x000000001ff5a81e       0x7a C:\Users\ronger\AppData\Local\Temp\offline_asr_alg_pro_sample.elf.18hZvL.ltrans1.ltrans.o
 .text.xQueueReceiveFromISR
                0x000000001ff5a898       0x72 C:\Users\ronger\AppData\Local\Temp\offline_asr_alg_pro_sample.elf.18hZvL.ltrans1.ltrans.o
 .text.cm_output_interrupt_handler
                0x000000001ff5a90a       0xfe C:\Users\ronger\AppData\Local\Temp\offline_asr_alg_pro_sample.elf.18hZvL.ltrans1.ltrans.o
 .text.xQueueGiveFromISR
                0x000000001ff5aa08       0x64 C:\Users\ronger\AppData\Local\Temp\offline_asr_alg_pro_sample.elf.18hZvL.ltrans1.ltrans.o
                0x000000001ff5aa08                xQueueGiveFromISR
 .text.asr_top_outside_serve_cb
                0x000000001ff5aa6c       0x76 C:\Users\ronger\AppData\Local\Temp\offline_asr_alg_pro_sample.elf.18hZvL.ltrans1.ltrans.o
 .text.GPIO_IRQ_Default_proc
                0x000000001ff5aae2       0x46 C:\Users\ronger\AppData\Local\Temp\offline_asr_alg_pro_sample.elf.18hZvL.ltrans1.ltrans.o
 .text.AON_PC_IRQHandler
                0x000000001ff5ab28       0x12 C:\Users\ronger\AppData\Local\Temp\offline_asr_alg_pro_sample.elf.18hZvL.ltrans1.ltrans.o
                0x000000001ff5ab28                AON_PC_IRQHandler
 .text.PB_IRQHandler
                0x000000001ff5ab3a       0x12 C:\Users\ronger\AppData\Local\Temp\offline_asr_alg_pro_sample.elf.18hZvL.ltrans1.ltrans.o
                0x000000001ff5ab3a                PB_IRQHandler
 .text.PA_IRQHandler
                0x000000001ff5ab4c       0x12 C:\Users\ronger\AppData\Local\Temp\offline_asr_alg_pro_sample.elf.18hZvL.ltrans1.ltrans.o
                0x000000001ff5ab4c                PA_IRQHandler
 .text.cm_input_interrupt_handler
                0x000000001ff5ab5e       0x74 C:\Users\ronger\AppData\Local\Temp\offline_asr_alg_pro_sample.elf.18hZvL.ltrans1.ltrans.o
 .text.IIS_DMA_IRQHandler
                0x000000001ff5abd2      0x112 C:\Users\ronger\AppData\Local\Temp\offline_asr_alg_pro_sample.elf.18hZvL.ltrans1.ltrans.o
                0x000000001ff5abd2                IIS_DMA_IRQHandler
 .text.xTaskIncrementTick
                0x000000001ff5ace4       0xea C:\Users\ronger\AppData\Local\Temp\offline_asr_alg_pro_sample.elf.18hZvL.ltrans1.ltrans.o
                0x000000001ff5ace4                xTaskIncrementTick
 .text.xTaskResumeAll
                0x000000001ff5adce       0xbe C:\Users\ronger\AppData\Local\Temp\offline_asr_alg_pro_sample.elf.18hZvL.ltrans1.ltrans.o
                0x000000001ff5adce                xTaskResumeAll
 .text.vPortFree
                0x000000001ff5ae8c       0x4a C:\Users\ronger\AppData\Local\Temp\offline_asr_alg_pro_sample.elf.18hZvL.ltrans1.ltrans.o
                0x000000001ff5ae8c                vPortFree
 .text.prvIdleTask
                0x000000001ff5aed6       0x60 C:\Users\ronger\AppData\Local\Temp\offline_asr_alg_pro_sample.elf.18hZvL.ltrans1.ltrans.o
 .text.vQueueDelete
                0x000000001ff5af36       0x38 C:\Users\ronger\AppData\Local\Temp\offline_asr_alg_pro_sample.elf.18hZvL.ltrans1.ltrans.o
 .text.pvPortMalloc
                0x000000001ff5af6e       0xf2 C:\Users\ronger\AppData\Local\Temp\offline_asr_alg_pro_sample.elf.18hZvL.ltrans1.ltrans.o
                0x000000001ff5af6e                pvPortMalloc
 .text.realloc_buffer
                0x000000001ff5b060       0x3a C:\Users\ronger\AppData\Local\Temp\offline_asr_alg_pro_sample.elf.18hZvL.ltrans1.ltrans.o
 .text.cmd_info_change_cur_model_group_inner.part.0
                0x000000001ff5b09a      0x114 C:\Users\ronger\AppData\Local\Temp\offline_asr_alg_pro_sample.elf.18hZvL.ltrans1.ltrans.o
 .text.cmd_file_change_cur_model_group
                0x000000001ff5b1ae       0xac C:\Users\ronger\AppData\Local\Temp\offline_asr_alg_pro_sample.elf.18hZvL.ltrans1.ltrans.o
 .text.get_file_addr
                0x000000001ff5b25a       0xd2 C:\Users\ronger\AppData\Local\Temp\offline_asr_alg_pro_sample.elf.18hZvL.ltrans1.ltrans.o
 .text.get_current_model_addr
                0x000000001ff5b32c       0x8e C:\Users\ronger\AppData\Local\Temp\offline_asr_alg_pro_sample.elf.18hZvL.ltrans1.ltrans.o
                0x000000001ff5b32c                get_current_model_addr
 .text.flash_control_inner_serve_cb
                0x000000001ff5b3ba       0x76 C:\Users\ronger\AppData\Local\Temp\offline_asr_alg_pro_sample.elf.18hZvL.ltrans1.ltrans.o
 .text.prvListTasksWithinSingleList
                0x000000001ff5b430       0xca C:\Users\ronger\AppData\Local\Temp\offline_asr_alg_pro_sample.elf.18hZvL.ltrans1.ltrans.o
 .text.vTaskDelay
                0x000000001ff5b4fa       0x24 C:\Users\ronger\AppData\Local\Temp\offline_asr_alg_pro_sample.elf.18hZvL.ltrans1.ltrans.o
                0x000000001ff5b4fa                vTaskDelay
 .text.xQueueReceive
                0x000000001ff5b51e       0xee C:\Users\ronger\AppData\Local\Temp\offline_asr_alg_pro_sample.elf.18hZvL.ltrans1.ltrans.o
                0x000000001ff5b51e                xQueueReceive
 .text.prvTimerTask
                0x000000001ff5b60c      0x1ac C:\Users\ronger\AppData\Local\Temp\offline_asr_alg_pro_sample.elf.18hZvL.ltrans1.ltrans.o
 .text.prvCopyDataToQueue.lto_priv.0
                0x000000001ff5b7b8       0xb8 C:\Users\ronger\AppData\Local\Temp\offline_asr_alg_pro_sample.elf.18hZvL.ltrans1.ltrans.o
                0x000000001ff5b7b8                prvCopyDataToQueue.lto_priv.0
 .text.xQueueGenericSend
                0x000000001ff5b870       0xea C:\Users\ronger\AppData\Local\Temp\offline_asr_alg_pro_sample.elf.18hZvL.ltrans1.ltrans.o
                0x000000001ff5b870                xQueueGenericSend
 .text.cinv_port_mutex_give
                0x000000001ff5b95a       0x36 C:\Users\ronger\AppData\Local\Temp\offline_asr_alg_pro_sample.elf.18hZvL.ltrans1.ltrans.o
 .text.xQueueSemaphoreTake
                0x000000001ff5b990      0x224 C:\Users\ronger\AppData\Local\Temp\offline_asr_alg_pro_sample.elf.18hZvL.ltrans1.ltrans.o
                0x000000001ff5b990                xQueueSemaphoreTake
 .text.cm_start_codec
                0x000000001ff5bbb4      0x1e0 C:\Users\ronger\AppData\Local\Temp\offline_asr_alg_pro_sample.elf.18hZvL.ltrans1.ltrans.o
 .text.cmd_info_change_cur_model_group.part.0
                0x000000001ff5bd94       0x6e C:\Users\ronger\AppData\Local\Temp\offline_asr_alg_pro_sample.elf.18hZvL.ltrans1.ltrans.o
 .text.cmd_info_is_wakeup_word
                0x000000001ff5be02       0x42 C:\Users\ronger\AppData\Local\Temp\offline_asr_alg_pro_sample.elf.18hZvL.ltrans1.ltrans.o
                0x000000001ff5be02                cmd_info_is_wakeup_word
 .text.cmd_info_get_semantic_id
                0x000000001ff5be44       0x5a C:\Users\ronger\AppData\Local\Temp\offline_asr_alg_pro_sample.elf.18hZvL.ltrans1.ltrans.o
                0x000000001ff5be44                cmd_info_get_semantic_id
 .text.cmd_info_get_command_id
                0x000000001ff5be9e       0x52 C:\Users\ronger\AppData\Local\Temp\offline_asr_alg_pro_sample.elf.18hZvL.ltrans1.ltrans.o
                0x000000001ff5be9e                cmd_info_get_command_id
 .text.cmd_info_find_command_by_string
                0x000000001ff5bef0       0xac C:\Users\ronger\AppData\Local\Temp\offline_asr_alg_pro_sample.elf.18hZvL.ltrans1.ltrans.o
                0x000000001ff5bef0                cmd_info_find_command_by_string
 .text.send_asrout.lto_priv.0
                0x000000001ff5bf9c       0x9a C:\Users\ronger\AppData\Local\Temp\offline_asr_alg_pro_sample.elf.18hZvL.ltrans1.ltrans.o
                0x000000001ff5bf9c                send_asrout.lto_priv.0
 .text.check_is_wakeup
                0x000000001ff5c036       0x1a C:\Users\ronger\AppData\Local\Temp\offline_asr_alg_pro_sample.elf.18hZvL.ltrans1.ltrans.o
                0x000000001ff5c036                check_is_wakeup
 .text.exit_wakeup_deal
                0x000000001ff5c050       0x5e C:\Users\ronger\AppData\Local\Temp\offline_asr_alg_pro_sample.elf.18hZvL.ltrans1.ltrans.o
 .text.cinv_port_mutex_take
                0x000000001ff5c0ae       0x32 C:\Users\ronger\AppData\Local\Temp\offline_asr_alg_pro_sample.elf.18hZvL.ltrans1.ltrans.o
 .text.vol_set  0x000000001ff5c0e0       0xaa C:\Users\ronger\AppData\Local\Temp\offline_asr_alg_pro_sample.elf.18hZvL.ltrans1.ltrans.o
 .text.vListInitialise
                0x000000001ff5c18a       0x14 C:\Users\ronger\AppData\Local\Temp\offline_asr_alg_pro_sample.elf.18hZvL.ltrans1.ltrans.o
                0x000000001ff5c18a                vListInitialise
 .text.xQueueGenericCreate
                0x000000001ff5c19e       0x74 C:\Users\ronger\AppData\Local\Temp\offline_asr_alg_pro_sample.elf.18hZvL.ltrans1.ltrans.o
                0x000000001ff5c19e                xQueueGenericCreate
 .text.prvCheckForValidListAndQueue
                0x000000001ff5c212       0x7c C:\Users\ronger\AppData\Local\Temp\offline_asr_alg_pro_sample.elf.18hZvL.ltrans1.ltrans.o
 .text.UserTaskManageProcess
                0x000000001ff5c28e      0x4f4 C:\Users\ronger\AppData\Local\Temp\offline_asr_alg_pro_sample.elf.18hZvL.ltrans1.ltrans.o
 .text.xEventGroupSetBits
                0x000000001ff5c782       0xbc C:\Users\ronger\AppData\Local\Temp\offline_asr_alg_pro_sample.elf.18hZvL.ltrans1.ltrans.o
                0x000000001ff5c782                xEventGroupSetBits
 .text.vEventGroupSetBitsCallback
                0x000000001ff5c83e        0xc C:\Users\ronger\AppData\Local\Temp\offline_asr_alg_pro_sample.elf.18hZvL.ltrans1.ltrans.o
                0x000000001ff5c83e                vEventGroupSetBitsCallback
 .text.handle_trap
                0x000000001ff5c84a      0x11a C:\Users\ronger\AppData\Local\Temp\offline_asr_alg_pro_sample.elf.18hZvL.ltrans1.ltrans.o
                0x000000001ff5c84a                handle_trap
 .text._delay_10us_240M
                0x000000001ff5c964       0x2e C:\Users\ronger\AppData\Local\Temp\offline_asr_alg_pro_sample.elf.18hZvL.ltrans1.ltrans.o
                0x000000001ff5c964                _delay_10us_240M
 .text.audio_in_manage_inner_task
                0x000000001ff5c992      0x256 C:\Users\ronger\AppData\Local\Temp\offline_asr_alg_pro_sample.elf.18hZvL.ltrans1.ltrans.o
 .text.inner_codec_dac_enable
                0x000000001ff5cbe8       0xa2 C:\Users\ronger\AppData\Local\Temp\offline_asr_alg_pro_sample.elf.18hZvL.ltrans1.ltrans.o
 .text.icodec_start
                0x000000001ff5cc8a       0x1a C:\Users\ronger\AppData\Local\Temp\offline_asr_alg_pro_sample.elf.18hZvL.ltrans1.ltrans.o
 .text.icodec_init
                0x000000001ff5cca4      0x318 C:\Users\ronger\AppData\Local\Temp\offline_asr_alg_pro_sample.elf.18hZvL.ltrans1.ltrans.o
 .text.cm_config_codec.part.0
                0x000000001ff5cfbc      0x6ba C:\Users\ronger\AppData\Local\Temp\offline_asr_alg_pro_sample.elf.18hZvL.ltrans1.ltrans.o
 .text.task_init
                0x000000001ff5d676     0x107e C:\Users\ronger\AppData\Local\Temp\offline_asr_alg_pro_sample.elf.18hZvL.ltrans1.ltrans.o
 .text.network_recv_data_task
                0x000000001ff5e6f4      0x3d0 C:\Users\ronger\AppData\Local\Temp\offline_asr_alg_pro_sample.elf.18hZvL.ltrans1.ltrans.o
 .text.AON_TIM_INT1_IRQHandler
                0x000000001ff5eac4        0x2 C:\Users\ronger\AppData\Local\Temp\offline_asr_alg_pro_sample.elf.18hZvL.ltrans1.ltrans.o
                0x000000001ff5eac4                AON_TIM_INT1_IRQHandler
 .text.AON_TIM_INT0_IRQHandler
                0x000000001ff5eac6        0x2 C:\Users\ronger\AppData\Local\Temp\offline_asr_alg_pro_sample.elf.18hZvL.ltrans1.ltrans.o
                0x000000001ff5eac6                AON_TIM_INT0_IRQHandler
 .text.EXT1_IRQHandler
                0x000000001ff5eac8        0x2 C:\Users\ronger\AppData\Local\Temp\offline_asr_alg_pro_sample.elf.18hZvL.ltrans1.ltrans.o
                0x000000001ff5eac8                EXT1_IRQHandler
 .text.EXT0_IRQHandler
                0x000000001ff5eaca        0x2 C:\Users\ronger\AppData\Local\Temp\offline_asr_alg_pro_sample.elf.18hZvL.ltrans1.ltrans.o
                0x000000001ff5eaca                EXT0_IRQHandler
 .text.VDT_IRQHandler
                0x000000001ff5eacc        0x2 C:\Users\ronger\AppData\Local\Temp\offline_asr_alg_pro_sample.elf.18hZvL.ltrans1.ltrans.o
                0x000000001ff5eacc                VDT_IRQHandler
 .text.V11_OK_IRQHandler
                0x000000001ff5eace        0x2 C:\Users\ronger\AppData\Local\Temp\offline_asr_alg_pro_sample.elf.18hZvL.ltrans1.ltrans.o
                0x000000001ff5eace                V11_OK_IRQHandler
 .text.DTR_IRQHandler
                0x000000001ff5ead0        0x2 C:\Users\ronger\AppData\Local\Temp\offline_asr_alg_pro_sample.elf.18hZvL.ltrans1.ltrans.o
                0x000000001ff5ead0                DTR_IRQHandler
 .text.PDM_IRQHandler
                0x000000001ff5ead2        0x2 C:\Users\ronger\AppData\Local\Temp\offline_asr_alg_pro_sample.elf.18hZvL.ltrans1.ltrans.o
                0x000000001ff5ead2                PDM_IRQHandler
 .text.ALC_IRQHandler
                0x000000001ff5ead4        0x2 C:\Users\ronger\AppData\Local\Temp\offline_asr_alg_pro_sample.elf.18hZvL.ltrans1.ltrans.o
                0x000000001ff5ead4                ALC_IRQHandler
 .text.IIS2_IRQHandler
                0x000000001ff5ead6        0x2 C:\Users\ronger\AppData\Local\Temp\offline_asr_alg_pro_sample.elf.18hZvL.ltrans1.ltrans.o
                0x000000001ff5ead6                IIS2_IRQHandler
 .text.IIS1_IRQHandler
                0x000000001ff5ead8        0x2 C:\Users\ronger\AppData\Local\Temp\offline_asr_alg_pro_sample.elf.18hZvL.ltrans1.ltrans.o
                0x000000001ff5ead8                IIS1_IRQHandler
 .text.IIS0_IRQHandler
                0x000000001ff5eada        0x2 C:\Users\ronger\AppData\Local\Temp\offline_asr_alg_pro_sample.elf.18hZvL.ltrans1.ltrans.o
                0x000000001ff5eada                IIS0_IRQHandler
 .text.UART2_IRQHandler
                0x000000001ff5eadc        0x2 C:\Users\ronger\AppData\Local\Temp\offline_asr_alg_pro_sample.elf.18hZvL.ltrans1.ltrans.o
                0x000000001ff5eadc                UART2_IRQHandler
 .text.UART0_IRQHandler
                0x000000001ff5eade        0x2 C:\Users\ronger\AppData\Local\Temp\offline_asr_alg_pro_sample.elf.18hZvL.ltrans1.ltrans.o
                0x000000001ff5eade                UART0_IRQHandler
 .text.TIMER3_IRQHandler
                0x000000001ff5eae0        0x2 C:\Users\ronger\AppData\Local\Temp\offline_asr_alg_pro_sample.elf.18hZvL.ltrans1.ltrans.o
                0x000000001ff5eae0                TIMER3_IRQHandler
 .text.TIMER2_IRQHandler
                0x000000001ff5eae2        0x2 C:\Users\ronger\AppData\Local\Temp\offline_asr_alg_pro_sample.elf.18hZvL.ltrans1.ltrans.o
                0x000000001ff5eae2                TIMER2_IRQHandler
 .text.TIMER1_IRQHandler
                0x000000001ff5eae4        0x2 C:\Users\ronger\AppData\Local\Temp\offline_asr_alg_pro_sample.elf.18hZvL.ltrans1.ltrans.o
                0x000000001ff5eae4                TIMER1_IRQHandler
 .text.TIMER0_IRQHandler
                0x000000001ff5eae6        0x2 C:\Users\ronger\AppData\Local\Temp\offline_asr_alg_pro_sample.elf.18hZvL.ltrans1.ltrans.o
                0x000000001ff5eae6                TIMER0_IRQHandler
 .text.DMA_IRQHandler
                0x000000001ff5eae8       0x40 C:\Users\ronger\AppData\Local\Temp\offline_asr_alg_pro_sample.elf.18hZvL.ltrans1.ltrans.o
                0x000000001ff5eae8                DMA_IRQHandler
 .text.ADC_IRQHandler
                0x000000001ff5eb28        0x2 C:\Users\ronger\AppData\Local\Temp\offline_asr_alg_pro_sample.elf.18hZvL.ltrans1.ltrans.o
                0x000000001ff5eb28                ADC_IRQHandler
 .text.NPU_IRQHandler
                0x000000001ff5eb2a        0x2 C:\Users\ronger\AppData\Local\Temp\offline_asr_alg_pro_sample.elf.18hZvL.ltrans1.ltrans.o
                0x000000001ff5eb2a                NPU_IRQHandler
 .text.SCU_IRQHandler
                0x000000001ff5eb2c        0x2 C:\Users\ronger\AppData\Local\Temp\offline_asr_alg_pro_sample.elf.18hZvL.ltrans1.ltrans.o
                0x000000001ff5eb2c                SCU_IRQHandler
 .text.TWDG_IRQHandler
                0x000000001ff5eb2e        0x2 C:\Users\ronger\AppData\Local\Temp\offline_asr_alg_pro_sample.elf.18hZvL.ltrans1.ltrans.o
                0x000000001ff5eb2e                TWDG_IRQHandler
 .text._fini    0x000000001ff5eb30        0x2 C:\Users\ronger\AppData\Local\Temp\offline_asr_alg_pro_sample.elf.18hZvL.ltrans1.ltrans.o
                0x000000001ff5eb30                _fini
 .text._init    0x000000001ff5eb32       0xd4 C:\Users\ronger\AppData\Local\Temp\offline_asr_alg_pro_sample.elf.18hZvL.ltrans1.ltrans.o
                0x000000001ff5eb32                _init
 .text.sbrk     0x000000001ff5ec06       0x6e ../../../libs\libnewlib_port.a(sbrk.o)
                0x000000001ff5ec06                sbrk
 .text.get_heap_bytes_remaining_size
                0x000000001ff5ec74        0x6 ../../../libs\libnewlib_port.a(sbrk.o)
                0x000000001ff5ec74                get_heap_bytes_remaining_size
 .text.__malloc_lock
                0x000000001ff5ec7a        0xc ../../../libs\libnewlib_port.a(sbrk.o)
                0x000000001ff5ec7a                __malloc_lock
 .text.__malloc_unlock
                0x000000001ff5ec86        0xc ../../../libs\libnewlib_port.a(sbrk.o)
                0x000000001ff5ec86                __malloc_unlock
 .text.__wrap_memcmp
                0x000000001ff5ec92        0xe ../../../libs\libnewlib_port.a(sbrk.o)
                0x000000001ff5ec92                __wrap_memcmp
 .text.__wrap_memcpy
                0x000000001ff5eca0        0xe ../../../libs\libnewlib_port.a(sbrk.o)
                0x000000001ff5eca0                __wrap_memcpy
 .text.__wrap_memset
                0x000000001ff5ecae        0xe ../../../libs\libnewlib_port.a(sbrk.o)
                0x000000001ff5ecae                __wrap_memset
 .text.__wrap_strcat
                0x000000001ff5ecbc        0xe ../../../libs\libnewlib_port.a(sbrk.o)
                0x000000001ff5ecbc                __wrap_strcat
 .text.__wrap_strcmp
                0x000000001ff5ecca        0xe ../../../libs\libnewlib_port.a(sbrk.o)
                0x000000001ff5ecca                __wrap_strcmp
 .text.__wrap_strcpy
                0x000000001ff5ecd8        0xe ../../../libs\libnewlib_port.a(sbrk.o)
                0x000000001ff5ecd8                __wrap_strcpy
 .text.__wrap_strlen
                0x000000001ff5ece6        0xe ../../../libs\libnewlib_port.a(sbrk.o)
                0x000000001ff5ece6                __wrap_strlen
 .text.__wrap_strncmp
                0x000000001ff5ecf4        0xe ../../../libs\libnewlib_port.a(sbrk.o)
                0x000000001ff5ecf4                __wrap_strncmp
 .text.__wrap_strstr
                0x000000001ff5ed02        0xe ../../../libs\libnewlib_port.a(sbrk.o)
                0x000000001ff5ed02                __wrap_strstr
 .text.__wrap_malloc
                0x000000001ff5ed10       0x10 ../../../libs\libnewlib_port.a(sbrk.o)
                0x000000001ff5ed10                __wrap_malloc
 .text.__wrap_free
                0x000000001ff5ed20       0x10 ../../../libs\libnewlib_port.a(sbrk.o)
                0x000000001ff5ed20                __wrap_free
 .text.__wrap_sprintf
                0x000000001ff5ed30       0x10 ../../../libs\libnewlib_port.a(sbrk.o)
                0x000000001ff5ed30                __wrap_sprintf
 *fill*         0x000000001ff5ed40        0x0 
 .text.entry    0x000000001ff5ed40      0x5f4 ../../../libs\libfreertos_port.a(portasm.o)
                0x000000001ff5ed40                trap_entry
                0x000000001ff5ee30                irq_entry
                0x000000001ff5efa4                eclic_mtip_handler
                0x000000001ff5f064                eclic_msip_handler
                0x000000001ff5f140                vPortYield_from_ulSynchTrap
                0x000000001ff5f180                vPortYield
                0x000000001ff5f2b0                xPortStartScheduler
                0x000000001ff5f320                vPortEndScheduler
 .text          0x000000001ff5f334       0x60 d:/projects/riscv-nuclei-elf-gcc-9.2.0/gcc_fix_raissrc/bin/../lib/gcc/riscv-nuclei-elf/9.2.0/rv32imafc/ilp32f\libgcc.a(save-restore.o)
                0x000000001ff5f334                __riscv_save_12
                0x000000001ff5f33c                __riscv_save_11
                0x000000001ff5f33c                __riscv_save_8
                0x000000001ff5f33c                __riscv_save_9
                0x000000001ff5f33c                __riscv_save_10
                0x000000001ff5f34a                __riscv_save_4
                0x000000001ff5f34a                __riscv_save_5
                0x000000001ff5f34a                __riscv_save_6
                0x000000001ff5f34a                __riscv_save_7
                0x000000001ff5f364                __riscv_save_1
                0x000000001ff5f364                __riscv_save_2
                0x000000001ff5f364                __riscv_save_0
                0x000000001ff5f364                __riscv_save_3
                0x000000001ff5f370                __riscv_restore_12
                0x000000001ff5f374                __riscv_restore_11
                0x000000001ff5f374                __riscv_restore_8
                0x000000001ff5f374                __riscv_restore_10
                0x000000001ff5f374                __riscv_restore_9
                0x000000001ff5f37e                __riscv_restore_6
                0x000000001ff5f37e                __riscv_restore_5
                0x000000001ff5f37e                __riscv_restore_4
                0x000000001ff5f37e                __riscv_restore_7
                0x000000001ff5f388                __riscv_restore_2
                0x000000001ff5f388                __riscv_restore_0
                0x000000001ff5f388                __riscv_restore_1
                0x000000001ff5f388                __riscv_restore_3
 .text          0x000000001ff5f394       0xae d:/projects/riscv-nuclei-elf-gcc-9.2.0/gcc_fix_raissrc/bin/../lib/gcc/riscv-nuclei-elf/9.2.0/rv32imafc/ilp32f\libgcc.a(gedf2.o)
                0x000000001ff5f394                __gedf2
                0x000000001ff5f394                __gtdf2
 .text          0x000000001ff5f442       0xae d:/projects/riscv-nuclei-elf-gcc-9.2.0/gcc_fix_raissrc/bin/../lib/gcc/riscv-nuclei-elf/9.2.0/rv32imafc/ilp32f\libgcc.a(ledf2.o)
                0x000000001ff5f442                __ledf2
                0x000000001ff5f442                __ltdf2
 .text          0x000000001ff5f4f0       0xbc d:/projects/riscv-nuclei-elf-gcc-9.2.0/gcc_fix_raissrc/bin/../lib/gcc/riscv-nuclei-elf/9.2.0/rv32imafc/ilp32f\libgcc.a(extendsfdf2.o)
                0x000000001ff5f4f0                __extendsfdf2
 .text          0x000000001ff5f5ac       0x3c d:/projects/riscv-nuclei-elf-gcc-9.2.0/gcc_fix_raissrc/bin/../lib/gcc/riscv-nuclei-elf/9.2.0/rv32imafc/ilp32f\libgcc.a(_clzsi2.o)
                0x000000001ff5f5ac                __clzsi2
 .text.atexit   0x000000001ff5f5e8        0xa d:/projects/riscv-nuclei-elf-gcc-9.2.0/gcc_fix_raissrc/bin/../lib/gcc/riscv-nuclei-elf/9.2.0/../../../../riscv-nuclei-elf/lib/rv32imafc/ilp32f\libg_nano.a(lib_a-atexit.o)
                0x000000001ff5f5e8                atexit
 .text.exit     0x000000001ff5f5f2       0x24 d:/projects/riscv-nuclei-elf-gcc-9.2.0/gcc_fix_raissrc/bin/../lib/gcc/riscv-nuclei-elf/9.2.0/../../../../riscv-nuclei-elf/lib/rv32imafc/ilp32f\libg_nano.a(lib_a-exit.o)
                0x000000001ff5f5f2                exit
 .text.__libc_fini_array
                0x000000001ff5f616       0x3a d:/projects/riscv-nuclei-elf-gcc-9.2.0/gcc_fix_raissrc/bin/../lib/gcc/riscv-nuclei-elf/9.2.0/../../../../riscv-nuclei-elf/lib/rv32imafc/ilp32f\libg_nano.a(lib_a-fini.o)
                0x000000001ff5f616                __libc_fini_array
 .text.__libc_init_array
                0x000000001ff5f650       0x6e d:/projects/riscv-nuclei-elf-gcc-9.2.0/gcc_fix_raissrc/bin/../lib/gcc/riscv-nuclei-elf/9.2.0/../../../../riscv-nuclei-elf/lib/rv32imafc/ilp32f\libg_nano.a(lib_a-init.o)
                0x000000001ff5f650                __libc_init_array
 .text.strtok   0x000000001ff5f6be       0x7c d:/projects/riscv-nuclei-elf-gcc-9.2.0/gcc_fix_raissrc/bin/../lib/gcc/riscv-nuclei-elf/9.2.0/../../../../riscv-nuclei-elf/lib/rv32imafc/ilp32f\libg_nano.a(lib_a-strtok.o)
                0x000000001ff5f6be                strtok
 .text.__strtok_r
                0x000000001ff5f73a       0x5c d:/projects/riscv-nuclei-elf-gcc-9.2.0/gcc_fix_raissrc/bin/../lib/gcc/riscv-nuclei-elf/9.2.0/../../../../riscv-nuclei-elf/lib/rv32imafc/ilp32f\libg_nano.a(lib_a-strtok_r.o)
                0x000000001ff5f73a                __strtok_r
 .text.__register_exitproc
                0x000000001ff5f796       0x7c d:/projects/riscv-nuclei-elf-gcc-9.2.0/gcc_fix_raissrc/bin/../lib/gcc/riscv-nuclei-elf/9.2.0/../../../../riscv-nuclei-elf/lib/rv32imafc/ilp32f\libg_nano.a(lib_a-__atexit.o)
                0x000000001ff5f796                __register_exitproc
 .text.__call_exitprocs
                0x000000001ff5f812       0xc4 d:/projects/riscv-nuclei-elf-gcc-9.2.0/gcc_fix_raissrc/bin/../lib/gcc/riscv-nuclei-elf/9.2.0/../../../../riscv-nuclei-elf/lib/rv32imafc/ilp32f\libg_nano.a(lib_a-__call_atexit.o)
                0x000000001ff5f812                __call_exitprocs
 .text.strchr   0x000000001ff5f8d6       0x1a d:/projects/riscv-nuclei-elf-gcc-9.2.0/gcc_fix_raissrc/bin/../lib/gcc/riscv-nuclei-elf/9.2.0/../../../../riscv-nuclei-elf/lib/rv32imafc/ilp32f\libg_nano.a(lib_a-strchr.o)
                0x000000001ff5f8d6                strchr
 .text._exit    0x000000001ff5f8f0       0x2a d:/projects/riscv-nuclei-elf-gcc-9.2.0/gcc_fix_raissrc/bin/../lib/gcc/riscv-nuclei-elf/9.2.0/../../../../riscv-nuclei-elf/lib/rv32imafc/ilp32f\libgloss_nano.a(sys_exit.o)
                0x000000001ff5f8f0                _exit
 .text.__errno  0x000000001ff5f91a        0x6 d:/projects/riscv-nuclei-elf-gcc-9.2.0/gcc_fix_raissrc/bin/../lib/gcc/riscv-nuclei-elf/9.2.0/../../../../riscv-nuclei-elf/lib/rv32imafc/ilp32f\libc_nano.a(lib_a-errno.o)
                0x000000001ff5f91a                __errno
 *(.gnu.linkonce.t.*)

.fini
 *(SORT_NONE(.fini))
                0x000000001ff5f920                . = ALIGN (0x4)
                [!provide]                        PROVIDE (__etext = .)
                [!provide]                        PROVIDE (_etext = .)
                [!provide]                        PROVIDE (etext = .)
                0x000000001ff5f920                PROVIDE (_eilm = .)

.preinit_array  0x000000001ff5f920        0x0
                0x000000001ff5f920                PROVIDE (__preinit_array_start = .)
 *(.preinit_array)
                0x000000001ff5f920                PROVIDE (__preinit_array_end = .)

.init_array     0x000000001ff5f920        0x0
                0x000000001ff5f920                PROVIDE (__init_array_start = .)
 *(SORT_BY_INIT_PRIORITY(.init_array.*) SORT_BY_INIT_PRIORITY(.ctors.*))
 *(.init_array EXCLUDE_FILE(*crtend?.o *crtend.o *crtbegin?.o *crtbegin.o) .ctors)
                0x000000001ff5f920                PROVIDE (__init_array_end = .)

.fini_array     0x000000001ff5f920        0x0
                0x000000001ff5f920                PROVIDE (__fini_array_start = .)
 *(SORT_BY_INIT_PRIORITY(.fini_array.*) SORT_BY_INIT_PRIORITY(.dtors.*))
 *(.fini_array EXCLUDE_FILE(*crtend?.o *crtend.o *crtbegin?.o *crtbegin.o) .dtors)
                0x000000001ff5f920                PROVIDE (__fini_array_end = .)

.ctors
 *crtbegin.o(.ctors)
 *crtbegin?.o(.ctors)
 *(EXCLUDE_FILE(*crtend?.o *crtend.o) .ctors)
 *(SORT_BY_NAME(.ctors.*))
 *(.ctors)

.dtors
 *crtbegin.o(.dtors)
 *crtbegin?.o(.dtors)
 *(EXCLUDE_FILE(*crtend?.o *crtend.o) .dtors)
 *(SORT_BY_NAME(.dtors.*))
 *(.dtors)

.ro_data        0x000000001ff5f920     0x13f4
 *(.rdata)
 *(.rodata .rodata.*)
 .rodata.CI0154.str1.4
                0x000000001ff5f920       0x12 C:\Users\ronger\AppData\Local\Temp\offline_asr_alg_pro_sample.elf.18hZvL.ltrans0.ltrans.o
 *fill*         0x000000001ff5f932        0x2 
 .rodata.asrGetCmdWordsAndScore.constprop.0.str1.4
                0x000000001ff5f934        0x4 C:\Users\ronger\AppData\Local\Temp\offline_asr_alg_pro_sample.elf.18hZvL.ltrans0.ltrans.o
 .rodata.check_equal_word.constprop.0.str1.4
                0x000000001ff5f938        0x4 C:\Users\ronger\AppData\Local\Temp\offline_asr_alg_pro_sample.elf.18hZvL.ltrans0.ltrans.o
 .rodata.IISDMA_ChannelIntENConfig.constprop.0.str1.4
                0x000000001ff5f93c       0x1b C:\Users\ronger\AppData\Local\Temp\offline_asr_alg_pro_sample.elf.18hZvL.ltrans0.ltrans.o
                                         0x1f (size before relaxing)
 *fill*         0x000000001ff5f957        0x1 
 .rodata.asr_result_callback_nlp.constprop.0.str1.4
                0x000000001ff5f958       0x43 C:\Users\ronger\AppData\Local\Temp\offline_asr_alg_pro_sample.elf.18hZvL.ltrans0.ltrans.o
                                         0x4b (size before relaxing)
 *fill*         0x000000001ff5f99b        0x1 
 .rodata.app_deal_asr_reuslt_callback.constprop.0.str1.4
                0x000000001ff5f99c       0x2c C:\Users\ronger\AppData\Local\Temp\offline_asr_alg_pro_sample.elf.18hZvL.ltrans0.ltrans.o
 .rodata.rc_callee_alg_aes_addr.str1.4
                0x000000001ff5f9c8       0x1d C:\Users\ronger\AppData\Local\Temp\offline_asr_alg_pro_sample.elf.18hZvL.ltrans0.ltrans.o
 *fill*         0x000000001ff5f9e5        0x3 
 .rodata.rc_callee_alg_aes_type_tip.str1.4
                0x000000001ff5f9e8       0x68 C:\Users\ronger\AppData\Local\Temp\offline_asr_alg_pro_sample.elf.18hZvL.ltrans0.ltrans.o
 .rodata.rc_callee_free_in_host.str1.4
                0x000000001ff5fa50       0x12 C:\Users\ronger\AppData\Local\Temp\offline_asr_alg_pro_sample.elf.18hZvL.ltrans0.ltrans.o
                                         0x16 (size before relaxing)
 *fill*         0x000000001ff5fa62        0x2 
 .rodata.mailbox_send_msg.str1.4
                0x000000001ff5fa64       0x27 C:\Users\ronger\AppData\Local\Temp\offline_asr_alg_pro_sample.elf.18hZvL.ltrans0.ltrans.o
 *fill*         0x000000001ff5fa8b        0x1 
 .rodata.nuclear_com_send.constprop.0.str1.4
                0x000000001ff5fa8c        0xe C:\Users\ronger\AppData\Local\Temp\offline_asr_alg_pro_sample.elf.18hZvL.ltrans0.ltrans.o
 *fill*         0x000000001ff5fa9a        0x2 
 .rodata.asrtop_asr_system_create_model.constprop.0.str1.4
                0x000000001ff5fa9c       0x2a C:\Users\ronger\AppData\Local\Temp\offline_asr_alg_pro_sample.elf.18hZvL.ltrans0.ltrans.o